Component: ARM Compiler 5.05 (build 41) Tool: armlink [4d0eb9]

==============================================================================

Section Cross References

    main.o(i.display_task) refers to main.o(i.show_address) for show_address
    main.o(i.display_task) refers to tasks.o(i.vTaskSuspend) for vTaskSuspend
    main.o(i.display_task) refers to tasks.o(i.vTaskDelay) for vTaskDelay
    main.o(i.display_task) refers to lwip_comm.o(.bss) for lwipdev
    main.o(i.display_task) refers to main.o(.data) for DISPLAY_Task_Handler
    main.o(i.key_task) refers to key.o(i.KEY_Scan) for KEY_Scan
    main.o(i.key_task) refers to tasks.o(i.vTaskDelay) for vTaskDelay
    main.o(i.key_task) refers to tcp_client_demo.o(.data) for tcp_client_flag
    main.o(i.led_task) refers to tasks.o(i.vTaskDelay) for vTaskDelay
    main.o(i.main) refers to delay.o(i.delay_init) for delay_init
    main.o(i.main) refers to misc.o(i.NVIC_PriorityGroupConfig) for NVIC_PriorityGroupConfig
    main.o(i.main) refers to usart.o(i.uart_init) for uart_init
    main.o(i.main) refers to led.o(i.LED_Init) for LED_Init
    main.o(i.main) refers to key.o(i.KEY_Init) for KEY_Init
    main.o(i.main) refers to lcd.o(i.LCD_Init) for LCD_Init
    main.o(i.main) refers to sram.o(i.FSMC_SRAM_Init) for FSMC_SRAM_Init
    main.o(i.main) refers to malloc.o(i.my_mem_init) for my_mem_init
    main.o(i.main) refers to lcd.o(i.LCD_ShowString) for LCD_ShowString
    main.o(i.main) refers to delay.o(i.delay_ms) for delay_ms
    main.o(i.main) refers to lcd.o(i.LCD_Fill) for LCD_Fill
    main.o(i.main) refers to lwip_comm.o(i.lwip_comm_init) for lwip_comm_init
    main.o(i.main) refers to tcp_client_demo.o(i.tcp_client_init) for tcp_client_init
    main.o(i.main) refers to tasks.o(i.xTaskCreate) for xTaskCreate
    main.o(i.main) refers to tasks.o(i.vTaskStartScheduler) for vTaskStartScheduler
    main.o(i.main) refers to usmart_config.o(.data) for usmart_dev
    main.o(i.main) refers to lcd.o(.data) for POINT_COLOR
    main.o(i.main) refers to main.o(.data) for START_Task_Handler
    main.o(i.main) refers to main.o(i.start_task) for start_task
    main.o(i.show_address) refers to printf8.o(i.__0sprintf$8) for __2sprintf
    main.o(i.show_address) refers to lcd.o(i.LCD_ShowString) for LCD_ShowString
    main.o(i.show_address) refers to lwip_comm.o(.bss) for lwipdev
    main.o(i.start_task) refers to port.o(i.vPortEnterCritical) for vPortEnterCritical
    main.o(i.start_task) refers to lwip_comm.o(i.lwip_comm_dhcp_creat) for lwip_comm_dhcp_creat
    main.o(i.start_task) refers to tasks.o(i.xTaskCreate) for xTaskCreate
    main.o(i.start_task) refers to tasks.o(i.vTaskSuspend) for vTaskSuspend
    main.o(i.start_task) refers to port.o(i.vPortExitCritical) for vPortExitCritical
    main.o(i.start_task) refers to main.o(.data) for LED_Task_Handler
    main.o(i.start_task) refers to main.o(i.led_task) for led_task
    main.o(i.start_task) refers to main.o(i.display_task) for display_task
    main.o(i.start_task) refers to main.o(i.key_task) for key_task
    system_stm32f4xx.o(i.SystemCoreClockUpdate) refers to system_stm32f4xx.o(.data) for SystemCoreClock
    system_stm32f4xx.o(i.SystemInit) refers to system_stm32f4xx.o(i.SetSysClock) for SetSysClock
    key.o(i.KEY_Init) refers to stm32f4xx_rcc.o(i.RCC_AHB1PeriphClockCmd) for RCC_AHB1PeriphClockCmd
    key.o(i.KEY_Init) refers to stm32f4xx_gpio.o(i.GPIO_Init) for GPIO_Init
    key.o(i.KEY_Scan) refers to stm32f4xx_gpio.o(i.GPIO_ReadInputDataBit) for GPIO_ReadInputDataBit
    key.o(i.KEY_Scan) refers to delay.o(i.delay_ms) for delay_ms
    key.o(i.KEY_Scan) refers to key.o(.data) for key_up
    lcd.o(i.LCD_Clear) refers to lcd.o(i.LCD_SetCursor) for LCD_SetCursor
    lcd.o(i.LCD_Clear) refers to lcd.o(i.LCD_WriteRAM_Prepare) for LCD_WriteRAM_Prepare
    lcd.o(i.LCD_Clear) refers to lcd.o(.bss) for lcddev
    lcd.o(i.LCD_Color_Fill) refers to lcd.o(i.LCD_SetCursor) for LCD_SetCursor
    lcd.o(i.LCD_Color_Fill) refers to lcd.o(i.LCD_WriteRAM_Prepare) for LCD_WriteRAM_Prepare
    lcd.o(i.LCD_DisplayOff) refers to lcd.o(i.LCD_WR_REG) for LCD_WR_REG
    lcd.o(i.LCD_DisplayOff) refers to lcd.o(i.LCD_WriteReg) for LCD_WriteReg
    lcd.o(i.LCD_DisplayOff) refers to lcd.o(.bss) for lcddev
    lcd.o(i.LCD_DisplayOn) refers to lcd.o(i.LCD_WR_REG) for LCD_WR_REG
    lcd.o(i.LCD_DisplayOn) refers to lcd.o(i.LCD_WriteReg) for LCD_WriteReg
    lcd.o(i.LCD_DisplayOn) refers to lcd.o(.bss) for lcddev
    lcd.o(i.LCD_Display_Dir) refers to lcd.o(i.LCD_Scan_Dir) for LCD_Scan_Dir
    lcd.o(i.LCD_Display_Dir) refers to lcd.o(.bss) for lcddev
    lcd.o(i.LCD_DrawLine) refers to lcd.o(i.LCD_DrawPoint) for LCD_DrawPoint
    lcd.o(i.LCD_DrawPoint) refers to lcd.o(i.LCD_SetCursor) for LCD_SetCursor
    lcd.o(i.LCD_DrawPoint) refers to lcd.o(i.LCD_WriteRAM_Prepare) for LCD_WriteRAM_Prepare
    lcd.o(i.LCD_DrawPoint) refers to lcd.o(.data) for POINT_COLOR
    lcd.o(i.LCD_DrawRectangle) refers to lcd.o(i.LCD_DrawLine) for LCD_DrawLine
[...]
    delay_init                               0x08006d49   Thumb Code    58  delay.o(i.delay_init)
    delay_ms                                 0x08006d8d   Thumb Code    60  delay.o(i.delay_ms)
    delay_us                                 0x08006dcd   Thumb Code    68  delay.o(i.delay_us)
    delay_xms                                0x08006e15   Thumb Code    24  delay.o(i.delay_xms)
    dhcp_arp_reply                           0x08006e2d   Thumb Code    58  dhcp.o(i.dhcp_arp_reply)
    dhcp_coarse_tmr                          0x08006fb1   Thumb Code    74  dhcp.o(i.dhcp_coarse_tmr)
    dhcp_fine_tmr                            0x080072f1   Thumb Code    68  dhcp.o(i.dhcp_fine_tmr)
    dhcp_release                             0x08007ab1   Thumb Code   178  dhcp.o(i.dhcp_release)
    dhcp_renew                               0x08007b69   Thumb Code   150  dhcp.o(i.dhcp_renew)
    dhcp_start                               0x08007d15   Thumb Code   238  dhcp.o(i.dhcp_start)
    dhcp_stop                                0x08007e0d   Thumb Code    62  dhcp.o(i.dhcp_stop)
    display_task                             0x08007fa1   Thumb Code    34  main.o(i.display_task)
    do_close                                 0x08007fcd   Thumb Code   116  api_msg.o(i.do_close)
    do_connect                               0x0800816d   Thumb Code   208  api_msg.o(i.do_connect)
    do_delconn                               0x080082d1   Thumb Code   194  api_msg.o(i.do_delconn)
    do_getaddr                               0x08008393   Thumb Code   178  api_msg.o(i.do_getaddr)
    do_newconn                               0x08008445   Thumb Code    32  api_msg.o(i.do_newconn)
    do_recv                                  0x08008465   Thumb Code    72  api_msg.o(i.do_recv)
    do_write                                 0x080084ad   Thumb Code   106  api_msg.o(i.do_write)
    etharp_cleanup_netif                     0x08008851   Thumb Code    52  etharp.o(i.etharp_cleanup_netif)
    etharp_output                            0x08008a7d   Thumb Code   318  etharp.o(i.etharp_output)
    etharp_query                             0x08008c35   Thumb Code   362  etharp.o(i.etharp_query)
    etharp_request                           0x08008e65   Thumb Code    40  etharp.o(i.etharp_request)
    etharp_tmr                               0x08008ed1   Thumb Code   144  etharp.o(i.etharp_tmr)
    ethernet_input                           0x08009029   Thumb Code   182  etharp.o(i.ethernet_input)
    ethernetif_init                          0x080090e5   Thumb Code    38  ethernetif.o(i.ethernetif_init)
    ethernetif_input                         0x08009115   Thumb Code    48  ethernetif.o(i.ethernetif_input)
    fputc                                    0x08009145   Thumb Code    22  usart.o(i.fputc)
    icmp_dest_unreach                        0x08009161   Thumb Code    18  icmp.o(i.icmp_dest_unreach)
    icmp_input                               0x08009175   Thumb Code   380  icmp.o(i.icmp_input)
    icmp_time_exceeded                       0x08009381   Thumb Code    18  icmp.o(i.icmp_time_exceeded)
    inet_chksum                              0x08009393   Thumb Code    20  inet_chksum.o(i.inet_chksum)
    inet_chksum_pbuf                         0x080093a7   Thumb Code    86  inet_chksum.o(i.inet_chksum_pbuf)
    ip4_addr_isbroadcast                     0x080093fd   Thumb Code    78  ip_addr.o(i.ip4_addr_isbroadcast)
    ip_frag                                  0x0800944d   Thumb Code   424  ip_frag.o(i.ip_frag)
    ip_input                                 0x08009615   Thumb Code   484  ip.o(i.ip_input)
    ip_output                                0x0800980d   Thumb Code    60  ip.o(i.ip_output)
    ip_output_if                             0x08009849   Thumb Code   204  ip.o(i.ip_output_if)
    ip_reass                                 0x08009919   Thumb Code   410  ip_frag.o(i.ip_reass)
    ip_reass_tmr                             0x08009de1   Thumb Code    56  ip_frag.o(i.ip_reass_tmr)
    ip_route                                 0x08009e1d   Thumb Code    80  ip.o(i.ip_route)
    key_task                                 0x08009e95   Thumb Code    34  main.o(i.key_task)
    led_task                                 0x08009ebd   Thumb Code    28  main.o(i.led_task)
    lwip_comm_default_ip_set                 0x0800a035   Thumb Code    90  lwip_comm.o(i.lwip_comm_default_ip_set)
    lwip_comm_dhcp_creat                     0x0800a095   Thumb Code    32  lwip_comm.o(i.lwip_comm_dhcp_creat)
    lwip_comm_dhcp_delete                    0x0800a0cd   Thumb Code    18  lwip_comm.o(i.lwip_comm_dhcp_delete)
    lwip_comm_init                           0x0800a0e9   Thumb Code   118  lwip_comm.o(i.lwip_comm_init)
    lwip_comm_mem_free                       0x0800a171   Thumb Code    44  lwip_comm.o(i.lwip_comm_mem_free)
    lwip_comm_mem_malloc                     0x0800a1ad   Thumb Code   100  lwip_comm.o(i.lwip_comm_mem_malloc)
    lwip_dhcp_task                           0x0800a221   Thumb Code   420  lwip_comm.o(i.lwip_dhcp_task)
    lwip_htonl                               0x0800a581   Thumb Code    26  def.o(i.lwip_htonl)
    lwip_htons                               0x0800a59b   Thumb Code    12  def.o(i.lwip_htons)
    lwip_init                                0x0800a5a7   Thumb Code    36  init.o(i.lwip_init)
    lwip_ntohl                               0x0800a5cb   Thumb Code    12  def.o(i.lwip_ntohl)
    lwip_ntohs                               0x0800a5d7   Thumb Code    12  def.o(i.lwip_ntohs)
    lwip_pkt_handle                          0x0800a5e5   Thumb Code    10  lwip_comm.o(i.lwip_pkt_handle)
    lwip_socket_init                         0x0800a5f5   Thumb Code     2  sockets.o(i.lwip_socket_init)
    main                                     0x0800a655   Thumb Code   382  main.o(i.main)
    mem_free                                 0x0800a8a1   Thumb Code   102  mem.o(i.mem_free)
    mem_init                                 0x0800a919   Thumb Code    94  mem.o(i.mem_init)
    mem_malloc                               0x0800a98d   Thumb Code   258  mem.o(i.mem_malloc)
    mem_trim                                 0x0800aaa1   Thumb Code   282  mem.o(i.mem_trim)
    memp_free                                0x0800abcd   Thumb Code    50  memp.o(i.memp_free)
    memp_get_memorysize                      0x0800ac05   Thumb Code     8  memp.o(i.memp_get_memorysize)
    memp_init                                0x0800ac0d   Thumb Code    86  memp.o(i.memp_init)
    memp_malloc                              0x0800ac75   Thumb Code    58  memp.o(i.memp_malloc)
    my_mem_free                              0x0800acb5   Thumb Code    96  malloc.o(i.my_mem_free)
    my_mem_init                              0x0800ad21   Thumb Code    54  malloc.o(i.my_mem_init)
    my_mem_malloc                            0x0800ad65   Thumb Code   156  malloc.o(i.my_mem_malloc)
    my_mem_perused                           0x0800ae0d   Thumb Code    54  malloc.o(i.my_mem_perused)
    myfree                                   0x0800ae4d   Thumb Code    30  malloc.o(i.myfree)
    mymalloc                                 0x0800ae71   Thumb Code    34  malloc.o(i.mymalloc)
    mymemset                                 0x0800ae99   Thumb Code    20  malloc.o(i.mymemset)
    netbuf_delete                            0x0800aead   Thumb Code    32  netbuf.o(i.netbuf_delete)
    netconn_alloc                            0x0800aecd   Thumb Code   154  api_msg.o(i.netconn_alloc)
    netconn_close                            0x0800af67   Thumb Code    14  api_lib.o(i.netconn_close)
    netconn_connect                          0x0800afc1   Thumb Code    80  api_lib.o(i.netconn_connect)
    netconn_delete                           0x0800b015   Thumb Code    36  api_lib.o(i.netconn_delete)
    netconn_free                             0x0800b0e7   Thumb Code    58  api_msg.o(i.netconn_free)
    netconn_getaddr                          0x0800b121   Thumb Code   108  api_lib.o(i.netconn_getaddr)
    netconn_new_with_proto_and_callback      0x0800b191   Thumb Code   114  api_lib.o(i.netconn_new_with_proto_and_callback)
    netconn_recv                             0x0800b209   Thumb Code   172  api_lib.o(i.netconn_recv)
    netconn_write_partly                     0x0800b3cd   Thumb Code   166  api_lib.o(i.netconn_write_partly)
    netif_add                                0x0800b479   Thumb Code   130  netif.o(i.netif_add)
    netif_init                               0x0800b505   Thumb Code     2  netif.o(i.netif_init)
    netif_set_addr                           0x0800b507   Thumb Code    40  netif.o(i.netif_set_addr)
    netif_set_default                        0x0800b531   Thumb Code    10  netif.o(i.netif_set_default)
    netif_set_down                           0x0800b541   Thumb Code    42  netif.o(i.netif_set_down)
    netif_set_gw                             0x0800b56b   Thumb Code    16  netif.o(i.netif_set_gw)
    netif_set_ipaddr                         0x0800b57d   Thumb Code   124  netif.o(i.netif_set_ipaddr)
    netif_set_netmask                        0x0800b601   Thumb Code    16  netif.o(i.netif_set_netmask)
    netif_set_up                             0x0800b611   Thumb Code    54  netif.o(i.netif_set_up)
    opt_delay                                0x0800b647   Thumb Code    14  lcd.o(i.opt_delay)
    pbuf_alloc                               0x0800b655   Thumb Code   418  pbuf.o(i.pbuf_alloc)
    pbuf_alloced_custom                      0x0800b7f7   Thumb Code   116  pbuf.o(i.pbuf_alloced_custom)
    pbuf_cat                                 0x0800b86b   Thumb Code    56  pbuf.o(i.pbuf_cat)
    pbuf_chain                               0x0800b8a3   Thumb Code    26  pbuf.o(i.pbuf_chain)
    pbuf_clen                                0x0800b8bd   Thumb Code    18  pbuf.o(i.pbuf_clen)
    pbuf_copy                                0x0800b8cf   Thumb Code   200  pbuf.o(i.pbuf_copy)
    pbuf_copy_partial                        0x0800b997   Thumb Code   146  pbuf.o(i.pbuf_copy_partial)
    pbuf_free                                0x0800ba29   Thumb Code   162  pbuf.o(i.pbuf_free)
    pbuf_header                              0x0800bacb   Thumb Code   134  pbuf.o(i.pbuf_header)
    pbuf_realloc                             0x0800bb51   Thumb Code   120  pbuf.o(i.pbuf_realloc)
    pbuf_ref                                 0x0800bbc9   Thumb Code    26  pbuf.o(i.pbuf_ref)
    pvPortMalloc                             0x0800c86d   Thumb Code   262  heap_4.o(i.pvPortMalloc)
    pvTaskIncrementMutexHeldCount            0x0800c9c1   Thumb Code    26  tasks.o(i.pvTaskIncrementMutexHeldCount)
    pxPortInitialiseStack                    0x0800c9e1   Thumb Code    38  port.o(i.pxPortInitialiseStack)
    raw_connect                              0x0800ca0d   Thumb Code    16  raw.o(i.raw_connect)
    raw_input                                0x0800ca1d   Thumb Code   102  raw.o(i.raw_input)
    raw_new                                  0x0800ca91   Thumb Code    46  raw.o(i.raw_new)
    raw_recv                                 0x0800cac5   Thumb Code     6  raw.o(i.raw_recv)
    raw_remove                               0x0800cacd   Thumb Code    60  raw.o(i.raw_remove)
    read_addr                                0x0800cb0d   Thumb Code     6  usmart.o(i.read_addr)
    show_address                             0x0800cd6d   Thumb Code   332  main.o(i.show_address)
    start_task                               0x0800cf41   Thumb Code    86  main.o(i.start_task)
    sys_arch_mbox_fetch                      0x0800cfdd   Thumb Code    98  sys_arch.o(i.sys_arch_mbox_fetch)
    sys_arch_mbox_tryfetch                   0x0800d03f   Thumb Code    36  sys_arch.o(i.sys_arch_mbox_tryfetch)
    sys_arch_protect                         0x0800d063   Thumb Code    26  sys_arch.o(i.sys_arch_protect)
    sys_arch_sem_wait                        0x0800d07d   Thumb Code    86  sys_arch.o(i.sys_arch_sem_wait)
    sys_arch_unprotect                       0x0800d0d3   Thumb Code    10  sys_arch.o(i.sys_arch_unprotect)
    sys_init                                 0x0800d0dd   Thumb Code    34  sys_arch.o(i.sys_init)
    sys_mbox_free                            0x0800d109   Thumb Code    18  sys_arch.o(i.sys_mbox_free)
    sys_mbox_new                             0x0800d11b   Thumb Code    32  sys_arch.o(i.sys_mbox_new)
    sys_mbox_post                            0x0800d13b   Thumb Code    24  sys_arch.o(i.sys_mbox_post)
    sys_mbox_set_invalid                     0x0800d153   Thumb Code     6  sys_arch.o(i.sys_mbox_set_invalid)
    sys_mbox_trypost                         0x0800d159   Thumb Code    32  sys_arch.o(i.sys_mbox_trypost)
    sys_mbox_valid                           0x0800d179   Thumb Code    14  sys_arch.o(i.sys_mbox_valid)
    sys_sem_free                             0x0800d187   Thumb Code    12  sys_arch.o(i.sys_sem_free)
    sys_sem_new                              0x0800d193   Thumb Code    62  sys_arch.o(i.sys_sem_new)
    sys_sem_set_invalid                      0x0800d1d1   Thumb Code     6  sys_arch.o(i.sys_sem_set_invalid)
    sys_sem_signal                           0x0800d1d7   Thumb Code    18  sys_arch.o(i.sys_sem_signal)
    sys_sem_valid                            0x0800d1e9   Thumb Code    14  sys_arch.o(i.sys_sem_valid)
    sys_thread_new                           0x0800d1f9   Thumb Code    86  sys_arch.o(i.sys_thread_new)
    sys_timeout                              0x0800d259   Thumb Code   152  timers.o(i.sys_timeout)
    sys_timeouts_init                        0x0800d2f5   Thumb Code    52  timers.o(i.sys_timeouts_init)
    sys_timeouts_mbox_fetch                  0x0800d339   Thumb Code   132  timers.o(i.sys_timeouts_mbox_fetch)
    sys_untimeout                            0x0800d3c1   Thumb Code    90  timers.o(i.sys_untimeout)
    tcp_abandon                              0x0800d421   Thumb Code   140  tcp.o(i.tcp_abandon)
    tcp_abort                                0x0800d4b9   Thumb Code    14  tcp.o(i.tcp_abort)
    tcp_accept                               0x0800d4c7   Thumb Code     4  tcp.o(i.tcp_accept)
    tcp_alloc                                0x0800d4cd   Thumb Code   180  tcp.o(i.tcp_alloc)
    tcp_arg                                  0x0800d591   Thumb Code     4  tcp.o(i.tcp_arg)
    tcp_client_init                          0x0800d595   Thumb Code    44  tcp_client_demo.o(i.tcp_client_init)
    tcp_close                                0x0800d849   Thumb Code    28  tcp.o(i.tcp_close)
    tcp_connect                              0x0800da2d   Thumb Code   328  tcp.o(i.tcp_connect)
    tcp_eff_send_mss                         0x0800dc3d   Thumb Code    46  tcp.o(i.tcp_eff_send_mss)
    tcp_enqueue_flags                        0x0800dc6b   Thumb Code   294  tcp_out.o(i.tcp_enqueue_flags)
    tcp_err                                  0x0800dd91   Thumb Code    10  tcp.o(i.tcp_err)
    tcp_fasttmr                              0x0800dd9d   Thumb Code   114  tcp.o(i.tcp_fasttmr)
    tcp_init                                 0x0800de1d   Thumb Code     2  tcp.o(i.tcp_init)
    tcp_input                                0x0800de21   Thumb Code  1152  tcp_in.o(i.tcp_input)
    tcp_keepalive                            0x0800e2b9   Thumb Code    84  tcp_out.o(i.tcp_keepalive)
    tcp_new                                  0x0800e4e1   Thumb Code    10  tcp.o(i.tcp_new)
    tcp_next_iss                             0x0800e555   Thumb Code    20  tcp.o(i.tcp_next_iss)
    tcp_output                               0x0800e571   Thumb Code   444  tcp_out.o(i.tcp_output)
    tcp_pcb_purge                            0x0800e9c9   Thumb Code    88  tcp.o(i.tcp_pcb_purge)
    tcp_pcb_remove                           0x0800ea21   Thumb Code   140  tcp.o(i.tcp_pcb_remove)
    tcp_poll                                 0x0800eab1   Thumb Code    14  tcp.o(i.tcp_poll)
    tcp_process_refused_data                 0x0800f079   Thumb Code   148  tcp.o(i.tcp_process_refused_data)
    tcp_recv                                 0x0800f785   Thumb Code     8  tcp.o(i.tcp_recv)
    tcp_recv_null                            0x0800f78d   Thumb Code    46  tcp.o(i.tcp_recv_null)
    tcp_recved                               0x0800f7bb   Thumb Code    74  tcp.o(i.tcp_recved)
    tcp_rexmit                               0x0800f805   Thumb Code    90  tcp_out.o(i.tcp_rexmit)
    tcp_rexmit_fast                          0x0800f85f   Thumb Code   120  tcp_out.o(i.tcp_rexmit_fast)
    tcp_rexmit_rto                           0x0800f8d7   Thumb Code    58  tcp_out.o(i.tcp_rexmit_rto)
    tcp_rst                                  0x0800f911   Thumb Code   132  tcp_out.o(i.tcp_rst)
    tcp_seg_free                             0x0800f995   Thumb Code    26  tcp.o(i.tcp_seg_free)
    tcp_segs_free                            0x0800f9af   Thumb Code    24  tcp.o(i.tcp_segs_free)
    tcp_send_empty_ack                       0x0800f9c7   Thumb Code    86  tcp_out.o(i.tcp_send_empty_ack)
    tcp_send_fin                             0x0800fa1d   Thumb Code    74  tcp_out.o(i.tcp_send_fin)
    tcp_sent                                 0x0800fa67   Thumb Code     8  tcp.o(i.tcp_sent)
    tcp_shutdown                             0x0800fa6f   Thumb Code    98  tcp.o(i.tcp_shutdown)
    tcp_slowtmr                              0x0800fad1   Thumb Code   832  tcp.o(i.tcp_slowtmr)
    tcp_timer_needed                         0x0800fe31   Thumb Code    38  timers.o(i.tcp_timer_needed)
    tcp_tmr                                  0x0800ff15   Thumb Code    30  tcp.o(i.tcp_tmr)
    tcp_update_rcv_ann_wnd                   0x0800ff39   Thumb Code    78  tcp.o(i.tcp_update_rcv_ann_wnd)
    tcp_write                                0x0800ff87   Thumb Code   976  tcp_out.o(i.tcp_write)
    tcp_zero_window_probe                    0x080103d7   Thumb Code   180  tcp_out.o(i.tcp_zero_window_probe)
    tcpip_apimsg                             0x0801048d   Thumb Code    60  tcpip.o(i.tcpip_apimsg)
    tcpip_init                               0x080104cd   Thumb Code    52  tcpip.o(i.tcpip_init)
    tcpip_input                              0x08010521   Thumb Code    72  tcpip.o(i.tcpip_input)
    uart_init                                0x08010689   Thumb Code   166  usart.o(i.uart_init)
    udp_bind                                 0x08010739   Thumb Code   146  udp.o(i.udp_bind)
    udp_connect                              0x080107d1   Thumb Code    98  udp.o(i.udp_connect)
    udp_init                                 0x08010839   Thumb Code     2  udp.o(i.udp_init)
    udp_input                                0x0801083d   Thumb Code   470  udp.o(i.udp_input)
    udp_new                                  0x08010a21   Thumb Code    28  udp.o(i.udp_new)
    udp_recv                                 0x08010a95   Thumb Code     6  udp.o(i.udp_recv)
    udp_remove                               0x08010a9d   Thumb Code    60  udp.o(i.udp_remove)
    udp_sendto_if                            0x08010add   Thumb Code   240  udp.o(i.udp_sendto_if)
    usmart_cmd_rec                           0x08010bcd   Thumb Code   170  usmart.o(i.usmart_cmd_rec)
    usmart_exe                               0x08010c7d   Thumb Code   632  usmart.o(i.usmart_exe)
    usmart_get_aparm                         0x08010f51   Thumb Code   200  usmart_str.o(i.usmart_get_aparm)
    usmart_get_cmdname                       0x08011019   Thumb Code    54  usmart_str.o(i.usmart_get_cmdname)
    usmart_get_fname                         0x08011051   Thumb Code   440  usmart_str.o(i.usmart_get_fname)
    usmart_get_fparam                        0x08011211   Thumb Code   262  usmart_str.o(i.usmart_get_fparam)
    usmart_get_parmpos                       0x0801131d   Thumb Code    26  usmart_str.o(i.usmart_get_parmpos)
    usmart_get_runtime                       0x0801133d   Thumb Code    60  usmart.o(i.usmart_get_runtime)
    usmart_init                              0x08011381   Thumb Code    36  usmart.o(i.usmart_init)
    usmart_pow                               0x080113a9   Thumb Code    22  usmart_str.o(i.usmart_pow)
    usmart_reset_runtime                     0x080113c1   Thumb Code    38  usmart.o(i.usmart_reset_runtime)
    usmart_scan                              0x080113f1   Thumb Code   120  usmart.o(i.usmart_scan)
    usmart_search_nextc                      0x080114ad   Thumb Code    22  usmart_str.o(i.usmart_search_nextc)
    usmart_str2num                           0x080114c3   Thumb Code   202  usmart_str.o(i.usmart_str2num)
    usmart_strcmp                            0x0801158d   Thumb Code    34  usmart_str.o(i.usmart_strcmp)
    usmart_strcopy                           0x080115af   Thumb Code    22  usmart_str.o(i.usmart_strcopy)
    usmart_strlen                            0x080115c5   Thumb Code    24  usmart_str.o(i.usmart_strlen)
    usmart_sys_cmd_exe                       0x080115dd   Thumb Code  1554  usmart.o(i.usmart_sys_cmd_exe)
    uxListRemove                             0x08011cc1   Thumb Code    40  list.o(i.uxListRemove)
    uxQueueMessagesWaiting                   0x08011ce9   Thumb Code    32  queue.o(i.uxQueueMessagesWaiting)
    vListInitialise                          0x08011d2d   Thumb Code    26  list.o(i.vListInitialise)
    vListInitialiseItem                      0x08011d47   Thumb Code     6  list.o(i.vListInitialiseItem)
    vListInsert                              0x08011d4d   Thumb Code    52  list.o(i.vListInsert)
    vListInsertEnd                           0x08011d81   Thumb Code    24  list.o(i.vListInsertEnd)
    vPortEnterCritical                       0x08011d99   Thumb Code    68  port.o(i.vPortEnterCritical)
    vPortExitCritical                        0x08011e21   Thumb Code    48  port.o(i.vPortExitCritical)
    vPortFree                                0x08011e91   Thumb Code   120  heap_4.o(i.vPortFree)
    vPortSetupTimerInterrupt                 0x08011f49   Thumb Code    26  port.o(i.vPortSetupTimerInterrupt)
    vPortValidateInterruptPriority           0x08011f69   Thumb Code    86  port.o(i.vPortValidateInterruptPriority)
    vQueueAddToRegistry                      0x08012009   Thumb Code    38  queue.o(i.vQueueAddToRegistry)
    vQueueDelete                             0x08012035   Thumb Code    34  queue.o(i.vQueueDelete)
    vQueueUnregisterQueue                    0x0801207d   Thumb Code    44  queue.o(i.vQueueUnregisterQueue)
    vQueueWaitForMessageRestricted           0x080120ad   Thumb Code    74  queue.o(i.vQueueWaitForMessageRestricted)
    vTaskDelay                               0x080120f9   Thumb Code    72  tasks.o(i.vTaskDelay)
    vTaskDelete                              0x0801216d   Thumb Code   192  tasks.o(i.vTaskDelete)
    vTaskMissedYield                         0x08012279   Thumb Code     8  tasks.o(i.vTaskMissedYield)
    vTaskPlaceOnEventList                    0x08012285   Thumb Code    42  tasks.o(i.vTaskPlaceOnEventList)
    vTaskPlaceOnEventListRestricted          0x080122d9   Thumb Code    50  tasks.o(i.vTaskPlaceOnEventListRestricted)
    vTaskPriorityInherit                     0x08012335   Thumb Code   164  tasks.o(i.vTaskPriorityInherit)
    vTaskSetTimeOutState                     0x080123e5   Thumb Code    32  tasks.o(i.vTaskSetTimeOutState)
    vTaskStartScheduler                      0x08012431   Thumb Code   108  tasks.o(i.vTaskStartScheduler)
    vTaskSuspend                             0x080124dd   Thumb Code   186  tasks.o(i.vTaskSuspend)
    vTaskSuspendAll                          0x080125dd   Thumb Code    12  tasks.o(i.vTaskSuspendAll)
    vTaskSwitchContext                       0x080125ed   Thumb Code   110  tasks.o(i.vTaskSwitchContext)
    write_addr                               0x08012695   Thumb Code     4  usmart.o(i.write_addr)
    xPortStartScheduler                      0x08012699   Thumb Code   258  port.o(i.xPortStartScheduler)
    xPortSysTickHandler                      0x080127f5   Thumb Code    46  port.o(i.xPortSysTickHandler)
    xQueueGenericCreate                      0x08012829   Thumb Code    78  queue.o(i.xQueueGenericCreate)
    xQueueGenericReceive                     0x0801289d   Thumb Code   416  queue.o(i.xQueueGenericReceive)
    xQueueGenericReset                       0x08012a65   Thumb Code   136  queue.o(i.xQueueGenericReset)
    xQueueGenericSend                        0x08012b15   Thumb Code   412  queue.o(i.xQueueGenericSend)
    xQueueGenericSendFromISR                 0x08012cd9   Thumb Code   234  queue.o(i.xQueueGenericSendFromISR)
    xTaskCheckForTimeOut                     0x08012de9   Thumb Code   116  tasks.o(i.xTaskCheckForTimeOut)
    xTaskCreate                              0x08012e89   Thumb Code    96  tasks.o(i.xTaskCreate)
    xTaskGetSchedulerState                   0x08012ee9   Thumb Code    24  tasks.o(i.xTaskGetSchedulerState)
    xTaskGetTickCount                        0x08012f09   Thumb Code     6  tasks.o(i.xTaskGetTickCount)
    xTaskIncrementTick                       0x08012f15   Thumb Code   272  tasks.o(i.xTaskIncrementTick)
    xTaskPriorityDisinherit                  0x08013075   Thumb Code   168  tasks.o(i.xTaskPriorityDisinherit)
    xTaskRemoveFromEventList                 0x0801314d   Thumb Code   118  tasks.o(i.xTaskRemoveFromEventList)
    xTaskResumeAll                           0x08013201   Thumb Code   214  tasks.o(i.xTaskResumeAll)
    xTimerCreateTimerTask                    0x08013321   Thumb Code    56  timers_1.o(i.xTimerCreateTimerTask)
    xTimerGenericCommand                     0x08013395   Thumb Code   118  timers_1.o(i.xTimerGenericCommand)
    asc2_1206                                0x08013438   Data        1140  lcd.o(.constdata)
    asc2_1608                                0x080138ac   Data        1520  lcd.o(.constdata)
    asc2_2412                                0x08013e9c   Data        3420  lcd.o(.constdata)
    memtblsize                               0x08014bf8   Data          12  malloc.o(.constdata)
    memblksize                               0x08014c04   Data          12  malloc.o(.constdata)
    memsize                                  0x08014c10   Data          12  malloc.o(.constdata)
    ethbroadcast                             0x08014c1c   Data           6  etharp.o(.constdata)
    ethzero                                  0x08014c22   Data           6  etharp.o(.constdata)
    ip_addr_any                              0x08014c28   Data           4  ip_addr.o(.constdata)
    ip_addr_broadcast                        0x08014c2c   Data           4  ip_addr.o(.constdata)
    tcp_state_str                            0x08014c68   Data          44  tcp.o(.constdata)
    tcp_backoff                              0x08014c94   Data          13  tcp.o(.constdata)
    tcp_persist_backoff                      0x08014ca1   Data           7  tcp.o(.constdata)
    tcp_pcb_lists                            0x08014ca8   Data          16  tcp.o(.constdata)
    Region$$Table$$Base                      0x08015154   Number         0  anon$$obj.o(Region$$Table)
    Region$$Table$$Limit                     0x08015174   Number         0  anon$$obj.o(Region$$Table)
    mem3base                                 0x10000000   Data       61440  malloc.o(.ARM.__AT_0x10000000)
    mem3mapbase                              0x1000f000   Data        3840  malloc.o(.ARM.__AT_0x1000F000)
    DISPLAY_Task_Handler                     0x20000000   Data           4  main.o(.data)
    LED_Task_Handler                         0x20000004   Data           4  main.o(.data)
    KEY_Task_Handler                         0x20000008   Data           4  main.o(.data)
    START_Task_Handler                       0x2000000c   Data           4  main.o(.data)
    SystemCoreClock                          0x20000010   Data           4  system_stm32f4xx.o(.data)
    AHBPrescTable                            0x20000014   Data          16  system_stm32f4xx.o(.data)
    POINT_COLOR                              0x20000026   Data           2  lcd.o(.data)
    BACK_COLOR                               0x20000028   Data           2  lcd.o(.data)
    DMARxDscrTab                             0x2000002c   Data           4  lan8720.o(.data)
    DMATxDscrTab                             0x20000030   Data           4  lan8720.o(.data)
    Rx_Buff                                  0x20000034   Data           4  lan8720.o(.data)
    Tx_Buff                                  0x20000038   Data           4  lan8720.o(.data)
    __stdout                                 0x20000040   Data           4  usart.o(.data)
    USART_RX_STA                             0x20000044   Data           2  usart.o(.data)
    DMATxDescToSet                           0x20000058   Data           4  stm32f4x7_eth.o(.data)
    DMARxDescToGet                           0x2000005c   Data           4  stm32f4x7_eth.o(.data)
    DMA_RX_FRAME_infos                       0x20000060   Data           4  stm32f4x7_eth.o(.data)
    Frame_Rx_index                           0x20000064   Data           4  stm32f4x7_eth.o(.data)
    mallco_dev                               0x20000068   Data          36  malloc.o(.data)
    sys_cmd_tab                              0x2000008c   Data          28  usmart.o(.data)
    usmart_nametab                           0x200000a8   Data         136  usmart_config.o(.data)
    usmart_dev                               0x20000130   Data         244  usmart_config.o(.data)
    current_netif                            0x20000228   Data           4  ip.o(.data)
    current_header                           0x2000022c   Data           4  ip.o(.data)
    current_iphdr_src                        0x20000230   Data           4  ip.o(.data)
    current_iphdr_dest                       0x20000234   Data           4  ip.o(.data)
    ram_heap                                 0x20000248   Data           4  mem.o(.data)
    memp_memory                              0x20000294   Data           4  memp.o(.data)
    netif_list                               0x20000298   Data           4  netif.o(.data)
    netif_default                            0x2000029c   Data           4  netif.o(.data)
    tcp_ticks                                0x200002ac   Data           4  tcp.o(.data)
    tcp_bound_pcbs                           0x200002b0   Data           4  tcp.o(.data)
    tcp_listen_pcbs                          0x200002b4   Data           4  tcp.o(.data)
    tcp_active_pcbs                          0x200002b8   Data           4  tcp.o(.data)
    tcp_tw_pcbs                              0x200002bc   Data           4  tcp.o(.data)
    tcp_tmp_pcb                              0x200002c0   Data           4  tcp.o(.data)
    tcp_active_pcbs_changed                  0x200002c4   Data           1  tcp.o(.data)
    tcp_input_pcb                            0x200002e8   Data           4  tcp_in.o(.data)
    udp_pcbs                                 0x200002f8   Data           4  udp.o(.data)
    TCPIP_THREAD_Task_Handler                0x2000030c   Data           4  lwip_comm.o(.data)
    LWIP_DHCP_TASK_Handler                   0x20000310   Data           4  lwip_comm.o(.data)
    DHCPfineTimer                            0x20000314   Data           4  lwip_comm.o(.data)
    DHCPcoarseTimer                          0x20000318   Data           4  lwip_comm.o(.data)
    tcp_clientconn                           0x2000031c   Data           4  tcp_client_demo.o(.data)
    tcp_client_sendbuf                       0x20000320   Data           4  tcp_client_demo.o(.data)
    tcp_client_flag                          0x20000324   Data           1  tcp_client_demo.o(.data)
    TCPCLIENT_Task_Handler                   0x20000328   Data           4  tcp_client_demo.o(.data)
    pxCurrentTCB                             0x20000338   Data           4  tasks.o(.data)
    lcddev                                   0x200003ac   Data          14  lcd.o(.bss)
    USART_RX_BUF                             0x200003ba   Data         200  usart.o(.bss)
    RX_Frame_Descriptor                      0x20000484   Data          12  stm32f4x7_eth.o(.bss)
    mem1base                                 0x200004a0   Data       61440  malloc.o(.bss)
    mem1mapbase                              0x2000f4a0   Data        3840  malloc.o(.bss)
    dhcp_rx_options_val                      0x20010468   Data          40  dhcp.o(.bss)
    dhcp_rx_options_given                    0x20010490   Data          10  dhcp.o(.bss)
    lwipdev                                  0x20010518   Data          23  lwip_comm.o(.bss)
    lwip_netif                               0x20010530   Data          52  lwip_comm.o(.bss)
    tcp_client_recvbuf                       0x20010564   Data        2000  tcp_client_demo.o(.bss)
    xQueueRegistry                           0x20010d34   Data          64  queue.o(.bss)
    __initial_sp                             0x20016480   Data           0  startup_stm32f40_41xxx.o(STACK)
    mem2base                                 0x68000000   Data       983040  malloc.o(.ARM.__AT_0x68000000)
    mem2mapbase                              0x680f0000   Data       61440  malloc.o(.ARM.__AT_0x680F0000)



==============================================================================

Memory Map of the image

  Image Entry point : 0x08000189

  Load Region LR_IROM1 (Base: 0x08000000, Size: 0x00015520, Max: 0x00100000, ABSOLUTE, COMPRESSED[0x00015294])

    Execution Region ER_IROM1 (Base: 0x08000000, Size: 0x00015174, Max: 0x00100000, ABSOLUTE)

    Base Addr    Size         Type   Attr      Idx    E Section Name        Object

    0x08000000   0x00000188   Data   RO          940    RESET               startup_stm32f40_41xxx.o
    0x08000188   0x00000000   Code   RO         6897  * .ARM.Collect$$$$00000000  mc_w.l(entry.o)
    0x08000188   0x00000004   Code   RO         7181    .ARM.Collect$$$$00000001  mc_w.l(entry2.o)
    0x0800018c   0x00000004   Code   RO         7184    .ARM.Collect$$$$00000004  mc_w.l(entry5.o)
    0x08000190   0x00000000   Code   RO         7186    .ARM.Collect$$$$00000008  mc_w.l(entry7b.o)
    0x08000190   0x00000000   Code   RO         7188    .ARM.Collect$$$$0000000A  mc_w.l(entry8b.o)
    0x08000190   0x00000008   Code   RO         7189    .ARM.Collect$$$$0000000B  mc_w.l(entry9a.o)
    0x08000198   0x00000000   Code   RO         7191    .ARM.Collect$$$$0000000D  mc_w.l(entry10a.o)
    0x08000198   0x00000000   Code   RO         7193    .ARM.Collect$$$$0000000F  mc_w.l(entry11a.o)
    0x08000198   0x00000004   Code   RO         7182    .ARM.Collect$$$$00002712  mc_w.l(entry2.o)
    0x0800019c   0x000000b6   Code   RO         6814    .emb_text           port.o
    0x08000252   0x00000002   PAD
    0x08000254   0x00000024   Code   RO          941    .text               startup_stm32f40_41xxx.o
    0x08000278   0x00000024   Code   RO         6900    .text               mc_w.l(memcpya.o)
    0x0800029c   0x00000024   Code   RO         6902    .text               mc_w.l(memseta.o)
    0x080002c0   0x0000000e   Code   RO         6904    .text               mc_w.l(strlen.o)
    0x080002ce   0x0000001c   Code   RO         6906    .text               mc_w.l(strcmp.o)
    0x080002ea   0x0000001a   Code   RO         6908    .text               mc_w.l(memcmp.o)
    0x08000304   0x000000e4   Code   RO         7175    .text               mf_w.l(dmul.o)
    0x080003e8   0x0000001a   Code   RO         7177    .text               mf_w.l(dfltui.o)
    0x08000402   0x00000032   Code   RO         7179    .text               mf_w.l(dfixui.o)
    0x08000434   0x00000062   Code   RO         7197    .text               mc_w.l(uldiv.o)
    0x08000496   0x00000020   Code   RO         7199    .text               mc_w.l(llushr.o)
    0x080004b6   0x00000000   Code   RO         7201    .text               mc_w.l(iusefp.o)
    0x080004b6   0x000000ba   Code   RO         7202    .text               mf_w.l(depilogue.o)
    0x08000570   0x00000024   Code   RO         7212    .text               mc_w.l(init.o)
    0x08000594   0x0000001e   Code   RO         7214    .text               mc_w.l(llshl.o)
    0x080005b2   0x00000056   Code   RO         7226    .text               mc_w.l(__dczerorl2.o)
    0x08000608   0x00000004   Code   RO          300    i.BusFault_Handler  stm32f4xx_it.o
    0x0800060c   0x00000002   Code   RO          301    i.DebugMon_Handler  stm32f4xx_it.o
    0x0800060e   0x00000022   Code   RO          699    i.ETHERNET_NVICConfiguration  lan8720.o
    0x08000630   0x0000000c   Code   RO         2363    i.ETH_DMAClearITPendingBit  stm32f4x7_eth.o
    0x0800063c   0x00000020   Code   RO         2364    i.ETH_DMAITConfig   stm32f4x7_eth.o
    0x0800065c   0x00000024   Code   RO         2365    i.ETH_DMAReceptionCmd  stm32f4x7_eth.o
    0x08000680   0x00000064   Code   RO         2366    i.ETH_DMARxDescChainInit  stm32f4x7_eth.o
    0x080006e4   0x00000024   Code   RO         2368    i.ETH_DMATransmissionCmd  stm32f4x7_eth.o
    0x08000708   0x00000050   Code   RO         2371    i.ETH_DMATxDescChainInit  stm32f4x7_eth.o
    0x08000758   0x00000008   Code   RO         2372    i.ETH_DMATxDescChecksumInsertionConfig  stm32f4x7_eth.o
    0x08000760   0x00000016   Code   RO         2377    i.ETH_DeInit        stm32f4x7_eth.o
    0x08000776   0x0000001c   Code   RO         2378    i.ETH_Delay         stm32f4x7_eth.o
    0x08000792   0x00000002   PAD
    0x08000794   0x0000002c   Code   RO         2380    i.ETH_FlushTransmitFIFO  stm32f4x7_eth.o
    0x080007c0   0x0000000c   Code   RO          700    i.ETH_GetCurrentTxBuffer  lan8720.o
    0x080007cc   0x0000000a   Code   RO         2392    i.ETH_GetDMARxDescFrameLength  stm32f4x7_eth.o
    0x080007d6   0x0000002a   Code   RO         2405    i.ETH_GetRxPktSize  stm32f4x7_eth.o
    0x08000800   0x00000018   Code   RO         2406    i.ETH_GetSoftwareResetStatus  stm32f4x7_eth.o
    0x08000818   0x00000028   Code   RO          701    i.ETH_IRQHandler    lan8720.o
    0x08000840   0x00000328   Code   RO         2411    i.ETH_Init          stm32f4x7_eth.o
    0x08000b68   0x00000034   Code   RO         2413    i.ETH_MACAddressConfig  stm32f4x7_eth.o
    0x08000b9c   0x0000008c   Code   RO          702    i.ETH_MACDMA_Config  lan8720.o
    0x08000c28   0x00000040   Code   RO         2418    i.ETH_MACReceptionCmd  stm32f4x7_eth.o
    0x08000c68   0x00000040   Code   RO         2419    i.ETH_MACTransmissionCmd  stm32f4x7_eth.o
    0x08000ca8   0x0000003c   Code   RO          703    i.ETH_Mem_Free      lan8720.o
    0x08000ce4   0x0000006c   Code   RO          704    i.ETH_Mem_Malloc    lan8720.o
    0x08000d50   0x0000006c   Code   RO         2431    i.ETH_ReadPHYRegister  stm32f4x7_eth.o
    0x08000dbc   0x0000009c   Code   RO          705    i.ETH_Rx_Packet     lan8720.o
    0x08000e58   0x00000014   Code   RO         2439    i.ETH_SoftwareReset  stm32f4x7_eth.o
    0x08000e6c   0x00000020   Code   RO         2440    i.ETH_Start         stm32f4x7_eth.o
    0x08000e8c   0x000000b2   Code   RO         2442    i.ETH_StructInit    stm32f4x7_eth.o
    0x08000f3e   0x00000002   PAD
    0x08000f40   0x00000068   Code   RO          706    i.ETH_Tx_Packet     lan8720.o
    0x08000fa8   0x00000068   Code   RO         2444    i.ETH_WritePHYRegister  stm32f4x7_eth.o
    0x08001010   0x00000034   Code   RO         1002    i.FSMC_NORSRAMCmd   stm32f4xx_fsmc.o
    0x08001044   0x000000e6   Code   RO         1004    i.FSMC_NORSRAMInit  stm32f4xx_fsmc.o
    0x0800112a   0x00000002   PAD
    0x0800112c   0x000002cc   Code   RO          655    i.FSMC_SRAM_Init    sram.o
    0x080013f8   0x00000090   Code   RO         1123    i.GPIO_Init         stm32f4xx_gpio.o
    0x08001488   0x00000046   Code   RO         1124    i.GPIO_PinAFConfig  stm32f4xx_gpio.o
    0x080014ce   0x00000012   Code   RO         1127    i.GPIO_ReadInputDataBit  stm32f4xx_gpio.o
    0x080014e0   0x00000004   Code   RO         1131    i.GPIO_SetBits      stm32f4xx_gpio.o
    0x080014e4   0x00000004   Code   RO          302    i.HardFault_Handler  stm32f4xx_it.o
    0x080014e8   0x00000044   Code   RO          390    i.KEY_Init          key.o
    0x0800152c   0x000000c8   Code   RO          391    i.KEY_Scan          key.o
    0x080015f4   0x00000114   Code   RO          708    i.LAN8720_Init      lan8720.o
    0x08001708   0x0000001a   Code   RO          417    i.LCD_BGR2RGB       lcd.o
    0x08001722   0x00000002   PAD
    0x08001724   0x0000006c   Code   RO          418    i.LCD_Clear         lcd.o
    0x08001790   0x000001c0   Code   RO          422    i.LCD_Display_Dir   lcd.o
    0x08001950   0x000000b0   Code   RO          423    i.LCD_DrawLine      lcd.o
    0x08001a00   0x00000024   Code   RO          424    i.LCD_DrawPoint     lcd.o
    0x08001a24   0x0000003c   Code   RO          425    i.LCD_DrawRectangle  lcd.o
    0x08001a60   0x00000098   Code   RO          426    i.LCD_Draw_Circle   lcd.o
    0x08001af8   0x00000180   Code   RO          427    i.LCD_Fast_DrawPoint  lcd.o
    0x08001c78   0x000000b8   Code   RO          428    i.LCD_Fill          lcd.o
    0x08001d30   0x00003970   Code   RO          429    i.LCD_Init          lcd.o
    0x080056a0   0x00000016   Code   RO          430    i.LCD_Pow           lcd.o
    0x080056b6   0x00000002   PAD
    0x080056b8   0x00000014   Code   RO          431    i.LCD_RD_DATA       lcd.o
    0x080056cc   0x0000016c   Code   RO          432    i.LCD_ReadPoint     lcd.o
    0x08005838   0x00000016   Code   RO          433    i.LCD_ReadReg       lcd.o
    0x0800584e   0x00000002   PAD
    0x08005850   0x00000060   Code   RO          434    i.LCD_SSD_BackLightSet  lcd.o
    0x080058b0   0x000002ec   Code   RO          435    i.LCD_Scan_Dir      lcd.o
    0x08005b9c   0x000001a8   Code   RO          436    i.LCD_SetCursor     lcd.o
    0x08005d44   0x00000128   Code   RO          438    i.LCD_ShowChar      lcd.o
    0x08005e6c   0x00000094   Code   RO          439    i.LCD_ShowNum       lcd.o
    0x08005f00   0x00000066   Code   RO          440    i.LCD_ShowString    lcd.o
    0x08005f66   0x000000be   Code   RO          441    i.LCD_ShowxNum      lcd.o
    0x08006024   0x00000018   Code   RO          442    i.LCD_WR_DATA       lcd.o
    0x0800603c   0x00000018   Code   RO          443    i.LCD_WR_REG        lcd.o
    0x08006054   0x00000014   Code   RO          445    i.LCD_WriteRAM_Prepare  lcd.o
    0x08006068   0x00000014   Code   RO          446    i.LCD_WriteReg      lcd.o
    0x0800607c   0x00000070   Code   RO          635    i.LED_Init          led.o
    0x080060ec   0x00000004   Code   RO          303    i.MemManage_Handler  stm32f4xx_it.o
    0x080060f0   0x00000002   Code   RO          304    i.NMI_Handler       stm32f4xx_it.o
    0x080060f2   0x00000002   PAD
    0x080060f4   0x00000078   Code   RO          947    i.NVIC_Init         misc.o
    0x0800616c   0x00000014   Code   RO          948    i.NVIC_PriorityGroupConfig  misc.o
    0x08006180   0x00000020   Code   RO         1220    i.RCC_AHB1PeriphClockCmd  stm32f4xx_rcc.o
    0x080061a0   0x00000020   Code   RO         1222    i.RCC_AHB1PeriphResetCmd  stm32f4xx_rcc.o
    0x080061c0   0x00000020   Code   RO         1226    i.RCC_AHB3PeriphClockCmd  stm32f4xx_rcc.o
    0x080061e0   0x00000020   Code   RO         1229    i.RCC_APB1PeriphClockCmd  stm32f4xx_rcc.o
    0x08006200   0x00000020   Code   RO         1232    i.RCC_APB2PeriphClockCmd  stm32f4xx_rcc.o
    0x08006220   0x000000e8   Code   RO         1241    i.RCC_GetClocksFreq  stm32f4xx_rcc.o
    0x08006308   0x0000000c   Code   RO         1556    i.SYSCFG_ETH_MediaInterfaceConfig  stm32f4xx_syscfg.o
    0x08006314   0x000000ec   Code   RO          353    i.SetSysClock       system_stm32f4xx.o
    0x08006400   0x00000028   Code   RO          951    i.SysTick_CLKSourceConfig  misc.o
    0x08006428   0x00000010   Code   RO          799    i.SysTick_Handler   delay.o
    0x08006438   0x00000068   Code   RO          355    i.SystemInit        system_stm32f4xx.o
    0x080064a0   0x00000038   Code   RO         2970    i.TIM4_IRQHandler   usmart.o
    0x080064d8   0x00000006   Code   RO         1808    i.TIM_ClearFlag     stm32f4xx_tim.o
    0x080064de   0x00000006   Code   RO         1809    i.TIM_ClearITPendingBit  stm32f4xx_tim.o
    0x080064e4   0x00000018   Code   RO         1814    i.TIM_Cmd           stm32f4xx_tim.o
    0x080064fc   0x00000006   Code   RO         1833    i.TIM_GetCounter    stm32f4xx_tim.o
    0x08006502   0x00000012   Code   RO         1834    i.TIM_GetFlagStatus  stm32f4xx_tim.o
    0x08006514   0x00000022   Code   RO         1835    i.TIM_GetITStatus   stm32f4xx_tim.o
    0x08006536   0x00000012   Code   RO         1839    i.TIM_ITConfig      stm32f4xx_tim.o
    0x08006548   0x00000004   Code   RO         1874    i.TIM_SetAutoreload  stm32f4xx_tim.o
    0x0800654c   0x00000004   Code   RO         1880    i.TIM_SetCounter    stm32f4xx_tim.o
    0x08006550   0x00000084   Code   RO         1886    i.TIM_TimeBaseInit  stm32f4xx_tim.o
    0x080065d4   0x0000005c   Code   RO         2971    i.Timer4_Init       usmart.o
    0x08006630   0x00000088   Code   RO          875    i.USART1_IRQHandler  usart.o
    0x080066b8   0x00000018   Code   RO         1614    i.USART_Cmd         stm32f4xx_usart.o
    0x080066d0   0x00000054   Code   RO         1618    i.USART_GetITStatus  stm32f4xx_usart.o
    0x08006724   0x0000004a   Code   RO         1620    i.USART_ITConfig    stm32f4xx_usart.o
    0x0800676e   0x00000002   PAD
    0x08006770   0x000000d4   Code   RO         1621    i.USART_Init        stm32f4xx_usart.o
    0x08006844   0x0000000a   Code   RO         1628    i.USART_ReceiveData  stm32f4xx_usart.o
    0x0800684e   0x00000004   Code   RO          305    i.UsageFault_Handler  stm32f4xx_it.o
    0x08006852   0x00000002   PAD
    0x08006854   0x00000020   Code   RO         7121    i.__0printf$8       mc_w.l(printf8.o)
    0x08006874   0x00000028   Code   RO         7123    i.__0sprintf$8      mc_w.l(printf8.o)
    0x0800689c   0x0000000e   Code   RO         7220    i.__scatterload_copy  mc_w.l(handlers.o)
    0x080068aa   0x00000002   Code   RO         7221    i.__scatterload_null  mc_w.l(handlers.o)
    0x080068ac   0x0000000e   Code   RO         7222    i.__scatterload_zeroinit  mc_w.l(handlers.o)
    0x080068ba   0x00000002   PAD
    0x080068bc   0x00000410   Code   RO         7128    i._printf_core      mc_w.l(printf8.o)
    0x08006ccc   0x00000024   Code   RO         7129    i._printf_post_padding  mc_w.l(printf8.o)
    0x08006cf0   0x0000002e   Code   RO         7130    i._printf_pre_padding  mc_w.l(printf8.o)
    0x08006d1e   0x0000000a   Code   RO         7132    i._sputc            mc_w.l(printf8.o)
    0x08006d28   0x00000020   Code   RO         4674    i.arp_timer         timers.o
    0x08006d48   0x00000044   Code   RO          800    i.delay_init        delay.o
    0x08006d8c   0x00000040   Code   RO          801    i.delay_ms          delay.o
    0x08006dcc   0x00000048   Code   RO          802    i.delay_us          delay.o
    0x08006e14   0x00000018   Code   RO          803    i.delay_xms         delay.o
    0x08006e2c   0x0000003a   Code   RO         3659    i.dhcp_arp_reply    dhcp.o
    0x08006e66   0x00000104   Code   RO         3660    i.dhcp_bind         dhcp.o
    0x08006f6a   0x00000046   Code   RO         3661    i.dhcp_check        dhcp.o
    0x08006fb0   0x00000050   Code   RO         3663    i.dhcp_coarse_tmr   dhcp.o
    0x08007000   0x00000150   Code   RO         3664    i.dhcp_create_msg   dhcp.o
    0x08007150   0x00000094   Code   RO         3665    i.dhcp_decline      dhcp.o
    0x080071e4   0x00000028   Code   RO         3666    i.dhcp_delete_msg   dhcp.o
    0x0800720c   0x000000e4   Code   RO         3667    i.dhcp_discover     dhcp.o
    0x080072f0   0x00000048   Code   RO         3668    i.dhcp_fine_tmr     dhcp.o
    0x08007338   0x00000078   Code   RO         3669    i.dhcp_handle_ack   dhcp.o
    0x080073b0   0x0000003c   Code   RO         3670    i.dhcp_handle_nak   dhcp.o
    0x080073ec   0x00000040   Code   RO         3671    i.dhcp_handle_offer  dhcp.o
    0x0800742c   0x00000020   Code   RO         3674    i.dhcp_option       dhcp.o
    0x0800744c   0x00000012   Code   RO         3675    i.dhcp_option_byte  dhcp.o
    0x0800745e   0x00000042   Code   RO         3676    i.dhcp_option_long  dhcp.o
    0x080074a0   0x00000022   Code   RO         3677    i.dhcp_option_short  dhcp.o
    0x080074c2   0x00000046   Code   RO         3678    i.dhcp_option_trailer  dhcp.o
    0x08007508   0x00000324   Code   RO         3679    i.dhcp_parse_reply  dhcp.o
    0x0800782c   0x00000098   Code   RO         3680    i.dhcp_rebind       dhcp.o
    0x080078c4   0x000000b8   Code   RO         3681    i.dhcp_reboot       dhcp.o
    0x0800797c   0x00000134   Code   RO         3682    i.dhcp_recv         dhcp.o
    0x08007ab0   0x000000b8   Code   RO         3683    i.dhcp_release      dhcp.o
    0x08007b68   0x00000096   Code   RO         3684    i.dhcp_renew        dhcp.o
    0x08007bfe   0x00000002   PAD
    0x08007c00   0x00000104   Code   RO         3685    i.dhcp_select       dhcp.o
    0x08007d04   0x00000010   Code   RO         3686    i.dhcp_set_state    dhcp.o
    0x08007d14   0x000000f8   Code   RO         3688    i.dhcp_start        dhcp.o
    0x08007e0c   0x0000003e   Code   RO         3689    i.dhcp_stop         dhcp.o
    0x08007e4a   0x00000028   Code   RO         3690    i.dhcp_t1_timeout   dhcp.o
    0x08007e72   0x00000028   Code   RO         3691    i.dhcp_t2_timeout   dhcp.o
    0x08007e9a   0x000000c4   Code   RO         3692    i.dhcp_timeout      dhcp.o
    0x08007f5e   0x00000002   PAD
    0x08007f60   0x00000020   Code   RO         4675    i.dhcp_timer_coarse  timers.o
    0x08007f80   0x00000020   Code   RO         4676    i.dhcp_timer_fine   timers.o
    0x08007fa0   0x0000002c   Code   RO            3    i.display_task      main.o
    0x08007fcc   0x00000074   Code   RO         5027    i.do_close          api_msg.o
    0x08008040   0x0000012c   Code   RO         5028    i.do_close_internal  api_msg.o
    0x0800816c   0x000000d4   Code   RO         5029    i.do_connect        api_msg.o
    0x08008240   0x00000090   Code   RO         5030    i.do_connected      api_msg.o
    0x080082d0   0x000000c2   Code   RO         5031    i.do_delconn        api_msg.o
    0x08008392   0x000000b2   Code   RO         5033    i.do_getaddr        api_msg.o
    0x08008444   0x00000020   Code   RO         5035    i.do_newconn        api_msg.o
    0x08008464   0x00000048   Code   RO         5036    i.do_recv           api_msg.o
    0x080084ac   0x0000006a   Code   RO         5038    i.do_write          api_msg.o
    0x08008516   0x00000146   Code   RO         5039    i.do_writemore      api_msg.o
    0x0800865c   0x000000c0   Code   RO         5040    i.err_tcp           api_msg.o
    0x0800871c   0x00000132   Code   RO         3153    i.etharp_arp_input  etharp.o
    0x0800884e   0x00000002   PAD
    0x08008850   0x00000038   Code   RO         3154    i.etharp_cleanup_netif  etharp.o
    0x08008888   0x0000017c   Code   RO         3156    i.etharp_find_entry  etharp.o
    0x08008a04   0x00000078   Code   RO         3157    i.etharp_free_entry  etharp.o
    0x08008a7c   0x0000014c   Code   RO         3158    i.etharp_output     etharp.o
    0x08008bc8   0x0000006c   Code   RO         3159    i.etharp_output_to_arp_index  etharp.o
    0x08008c34   0x00000174   Code   RO         3160    i.etharp_query      etharp.o
    0x08008da8   0x000000ba   Code   RO         3161    i.etharp_raw        etharp.o
    0x08008e62   0x00000002   PAD
    0x08008e64   0x00000030   Code   RO         3162    i.etharp_request    etharp.o
    0x08008e94   0x0000003c   Code   RO         3163    i.etharp_send_ip    etharp.o
    0x08008ed0   0x00000094   Code   RO         3164    i.etharp_tmr        etharp.o
    0x08008f64   0x000000c4   Code   RO         3165    i.etharp_update_arp_entry  etharp.o
    0x08009028   0x000000bc   Code   RO         3166    i.ethernet_input    etharp.o
    0x080090e4   0x00000030   Code   RO         3282    i.ethernetif_init   ethernetif.o
    0x08009114   0x00000030   Code   RO         3283    i.ethernetif_input  ethernetif.o
    0x08009144   0x0000001c   Code   RO          877    i.fputc             usart.o
    0x08009160   0x00000012   Code   RO         3349    i.icmp_dest_unreach  icmp.o
    0x08009172   0x00000002   PAD
    0x08009174   0x00000184   Code   RO         3350    i.icmp_input        icmp.o
    0x080092f8   0x00000088   Code   RO         3351    i.icmp_send_response  icmp.o
    0x08009380   0x00000012   Code   RO         3352    i.icmp_time_exceeded  icmp.o
    0x08009392   0x00000014   Code   RO         3414    i.inet_chksum       inet_chksum.o
    0x080093a6   0x00000056   Code   RO         3415    i.inet_chksum_pbuf  inet_chksum.o
    0x080093fc   0x0000004e   Code   RO         3507    i.ip4_addr_isbroadcast  ip_addr.o
    0x0800944a   0x00000002   PAD
    0x0800944c   0x000001ac   Code   RO         3560    i.ip_frag           ip_frag.o
    0x080095f8   0x0000000a   Code   RO         3561    i.ip_frag_alloc_pbuf_custom_ref  ip_frag.o
    0x08009602   0x00000012   Code   RO         3562    i.ip_frag_free_pbuf_custom_ref  ip_frag.o
    0x08009614   0x000001f8   Code   RO         3452    i.ip_input          ip.o
    0x0800980c   0x0000003c   Code   RO         3453    i.ip_output         ip.o
    0x08009848   0x000000d0   Code   RO         3454    i.ip_output_if      ip.o
    0x08009918   0x000001a4   Code   RO         3563    i.ip_reass          ip_frag.o
    0x08009abc   0x00000164   Code   RO         3564    i.ip_reass_chain_frag_into_datagram_and_validate  ip_frag.o
    0x08009c20   0x0000002c   Code   RO         3565    i.ip_reass_dequeue_datagram  ip_frag.o
    0x08009c4c   0x00000058   Code   RO         3566    i.ip_reass_enqueue_new_datagram  ip_frag.o
    0x08009ca4   0x000000a0   Code   RO         3567    i.ip_reass_free_complete_datagram  ip_frag.o
    0x08009d44   0x0000007c   Code   RO         3568    i.ip_reass_remove_oldest_datagram  ip_frag.o
    0x08009dc0   0x00000020   Code   RO         4677    i.ip_reass_timer    timers.o
    0x08009de0   0x0000003c   Code   RO         3569    i.ip_reass_tmr      ip_frag.o
    0x08009e1c   0x00000058   Code   RO         3455    i.ip_route          ip.o
    0x08009e74   0x00000020   Code   RO         3570    i.ipfrag_free_pbuf_custom  ip_frag.o
    0x08009e94   0x00000028   Code   RO            4    i.key_task          main.o
    0x08009ebc   0x00000020   Code   RO            5    i.led_task          main.o
    0x08009edc   0x000000a4   Code   RO         3284    i.low_level_init    ethernetif.o
    0x08009f80   0x00000074   Code   RO         3285    i.low_level_input   ethernetif.o
    0x08009ff4   0x0000003e   Code   RO         3286    i.low_level_output  ethernetif.o
    0x0800a032   0x00000002   PAD
    0x0800a034   0x00000060   Code   RO         5723    i.lwip_comm_default_ip_set  lwip_comm.o
    0x0800a094   0x00000038   Code   RO         5724    i.lwip_comm_dhcp_creat  lwip_comm.o
    0x0800a0cc   0x0000001c   Code   RO         5725    i.lwip_comm_dhcp_delete  lwip_comm.o
    0x0800a0e8   0x00000088   Code   RO         5726    i.lwip_comm_init    lwip_comm.o
    0x0800a170   0x0000003c   Code   RO         5727    i.lwip_comm_mem_free  lwip_comm.o
    0x0800a1ac   0x00000074   Code   RO         5728    i.lwip_comm_mem_malloc  lwip_comm.o
    0x0800a220   0x00000360   Code   RO         5729    i.lwip_dhcp_task    lwip_comm.o
    0x0800a580   0x0000001a   Code   RO         3629    i.lwip_htonl        def.o
    0x0800a59a   0x0000000c   Code   RO         3630    i.lwip_htons        def.o
    0x0800a5a6   0x00000024   Code   RO         3861    i.lwip_init         init.o
    0x0800a5ca   0x0000000c   Code   RO         3631    i.lwip_ntohl        def.o
    0x0800a5d6   0x0000000c   Code   RO         3632    i.lwip_ntohs        def.o
    0x0800a5e2   0x00000002   PAD
    0x0800a5e4   0x00000010   Code   RO         5730    i.lwip_pkt_handle   lwip_comm.o
    0x0800a5f4   0x00000002   Code   RO         5302    i.lwip_socket_init  sockets.o
    0x0800a5f6   0x0000005e   Code   RO         3418    i.lwip_standard_chksum  inet_chksum.o
    0x0800a654   0x0000024c   Code   RO            6    i.main              main.o
    0x0800a8a0   0x00000078   Code   RO         3909    i.mem_free          mem.o
    0x0800a918   0x00000074   Code   RO         3910    i.mem_init          mem.o
    0x0800a98c   0x00000114   Code   RO         3911    i.mem_malloc        mem.o
    0x0800aaa0   0x0000012c   Code   RO         3912    i.mem_trim          mem.o
    0x0800abcc   0x00000038   Code   RO         3960    i.memp_free         memp.o
    0x0800ac04   0x00000008   Code   RO         3961    i.memp_get_memorysize  memp.o
    0x0800ac0c   0x00000068   Code   RO         3962    i.memp_init         memp.o
    0x0800ac74   0x00000040   Code   RO         3963    i.memp_malloc       memp.o
    0x0800acb4   0x0000006c   Code   RO         2890    i.my_mem_free       malloc.o
    0x0800ad20   0x00000044   Code   RO         2891    i.my_mem_init       malloc.o
    0x0800ad64   0x000000a8   Code   RO         2892    i.my_mem_malloc     malloc.o
    0x0800ae0c   0x00000040   Code   RO         2893    i.my_mem_perused    malloc.o
    0x0800ae4c   0x00000024   Code   RO         2894    i.myfree            malloc.o
    0x0800ae70   0x00000028   Code   RO         2895    i.mymalloc          malloc.o
    0x0800ae98   0x00000014   Code   RO         2897    i.mymemset          malloc.o
    0x0800aeac   0x00000020   Code   RO         5198    i.netbuf_delete     netbuf.o
    0x0800aecc   0x0000009a   Code   RO         5041    i.netconn_alloc     api_msg.o
    0x0800af66   0x0000000e   Code   RO         4888    i.netconn_close     api_lib.o
    0x0800af74   0x0000004c   Code   RO         4889    i.netconn_close_shutdown  api_lib.o
    0x0800afc0   0x00000054   Code   RO         4890    i.netconn_connect   api_lib.o
    0x0800b014   0x00000028   Code   RO         4891    i.netconn_delete    api_lib.o
    0x0800b03c   0x000000aa   Code   RO         5042    i.netconn_drain     api_msg.o
    0x0800b0e6   0x0000003a   Code   RO         5043    i.netconn_free      api_msg.o
    0x0800b120   0x00000070   Code   RO         4893    i.netconn_getaddr   api_lib.o
    0x0800b190   0x00000078   Code   RO         4895    i.netconn_new_with_proto_and_callback  api_lib.o
    0x0800b208   0x000000ac   Code   RO         4896    i.netconn_recv      api_lib.o
    0x0800b2b4   0x00000118   Code   RO         4897    i.netconn_recv_data  api_lib.o
    0x0800b3cc   0x000000ac   Code   RO         4903    i.netconn_write_partly  api_lib.o
    0x0800b478   0x0000008c   Code   RO         4020    i.netif_add         netif.o
    0x0800b504   0x00000002   Code   RO         4022    i.netif_init        netif.o
    0x0800b506   0x00000028   Code   RO         4024    i.netif_set_addr    netif.o
    0x0800b52e   0x00000002   PAD
    0x0800b530   0x00000010   Code   RO         4025    i.netif_set_default  netif.o
    0x0800b540   0x0000002a   Code   RO         4026    i.netif_set_down    netif.o
    0x0800b56a   0x00000010   Code   RO         4027    i.netif_set_gw      netif.o
    0x0800b57a   0x00000002   PAD
    0x0800b57c   0x00000084   Code   RO         4028    i.netif_set_ipaddr  netif.o
    0x0800b600   0x00000010   Code   RO         4031    i.netif_set_netmask  netif.o
    0x0800b610   0x00000036   Code   RO         4032    i.netif_set_up      netif.o
    0x0800b646   0x0000000e   Code   RO          447    i.opt_delay         lcd.o
    0x0800b654   0x000001a2   Code   RO         4116    i.pbuf_alloc        pbuf.o
    0x0800b7f6   0x00000074   Code   RO         4117    i.pbuf_alloced_custom  pbuf.o
    0x0800b86a   0x00000038   Code   RO         4118    i.pbuf_cat          pbuf.o
    0x0800b8a2   0x0000001a   Code   RO         4119    i.pbuf_chain        pbuf.o
    0x0800b8bc   0x00000012   Code   RO         4120    i.pbuf_clen         pbuf.o
    0x0800b8ce   0x000000c8   Code   RO         4122    i.pbuf_copy         pbuf.o
    0x0800b996   0x00000092   Code   RO         4123    i.pbuf_copy_partial  pbuf.o
    0x0800ba28   0x000000a2   Code   RO         4125    i.pbuf_free         pbuf.o
    0x0800baca   0x00000086   Code   RO         4127    i.pbuf_header       pbuf.o
    0x0800bb50   0x00000078   Code   RO         4130    i.pbuf_realloc      pbuf.o
    0x0800bbc8   0x0000001a   Code   RO         4131    i.pbuf_ref          pbuf.o
    0x0800bbe2   0x00000002   PAD
    0x0800bbe4   0x0000009c   Code   RO         5044    i.pcb_new           api_msg.o
    0x0800bc80   0x00000088   Code   RO         3913    i.plug_holes        mem.o
    0x0800bd08   0x0000006a   Code   RO         5045    i.poll_tcp          api_msg.o
    0x0800bd72   0x00000002   PAD
    0x0800bd74   0x00000098   Code   RO         6251    i.prvAddCurrentTaskToDelayedList  tasks.o
    0x0800be0c   0x000000b8   Code   RO         6252    i.prvAddNewTaskToReadyList  tasks.o
    0x0800bec4   0x00000064   Code   RO         6619    i.prvCheckForValidListAndQueue  timers_1.o
    0x0800bf28   0x00000064   Code   RO         6253    i.prvCheckTasksWaitingTermination  tasks.o
    0x0800bf8c   0x0000002a   Code   RO         6010    i.prvCopyDataFromQueue  queue.o
    0x0800bfb6   0x0000007c   Code   RO         6011    i.prvCopyDataToQueue  queue.o
    0x0800c032   0x00000012   Code   RO         6254    i.prvDeleteTCB      tasks.o
    0x0800c044   0x00000028   Code   RO         6620    i.prvGetNextExpireTime  timers_1.o
    0x0800c06c   0x0000007c   Code   RO         6757    i.prvHeapInit       heap_4.o
    0x0800c0e8   0x00000028   Code   RO         6255    i.prvIdleTask       tasks.o
    0x0800c110   0x0000002e   Code   RO         6013    i.prvInitialiseNewQueue  queue.o
    0x0800c13e   0x00000002   PAD
    0x0800c140   0x000000d0   Code   RO         6256    i.prvInitialiseNewTask  tasks.o
    0x0800c210   0x00000068   Code   RO         6257    i.prvInitialiseTaskLists  tasks.o
    0x0800c278   0x00000068   Code   RO         6758    i.prvInsertBlockIntoFreeList  heap_4.o
    0x0800c2e0   0x00000058   Code   RO         6622    i.prvInsertTimerInActiveList  timers_1.o
    0x0800c338   0x0000001a   Code   RO         6014    i.prvIsQueueEmpty   queue.o
    0x0800c352   0x0000001e   Code   RO         6015    i.prvIsQueueFull    queue.o
    0x0800c370   0x000000a0   Code   RO         6016    i.prvNotifyQueueSetContainer  queue.o
    0x0800c410   0x00000080   Code   RO         6623    i.prvProcessExpiredTimer  timers_1.o
    0x0800c490   0x0000012c   Code   RO         6624    i.prvProcessReceivedCommands  timers_1.o
    0x0800c5bc   0x00000074   Code   RO         6625    i.prvProcessTimerOrBlockTask  timers_1.o
    0x0800c630   0x00000034   Code   RO         6259    i.prvResetNextTaskUnblockTime  tasks.o
    0x0800c664   0x0000002c   Code   RO         6626    i.prvSampleTimeNow  timers_1.o
    0x0800c690   0x000000bc   Code   RO         6627    i.prvSwitchTimerLists  timers_1.o
    0x0800c74c   0x00000074   Code   RO         6815    i.prvTaskExitError  port.o
    0x0800c7c0   0x0000001a   Code   RO         6628    i.prvTimerTask      timers_1.o
    0x0800c7da   0x00000092   Code   RO         6017    i.prvUnlockQueue    queue.o
    0x0800c86c   0x00000154   Code   RO         6759    i.pvPortMalloc      heap_4.o
    0x0800c9c0   0x00000020   Code   RO         6263    i.pvTaskIncrementMutexHeldCount  tasks.o
    0x0800c9e0   0x0000002c   Code   RO         6816    i.pxPortInitialiseStack  port.o
    0x0800ca0c   0x00000010   Code   RO         4237    i.raw_connect       raw.o
    0x0800ca1c   0x00000074   Code   RO         4238    i.raw_input         raw.o
    0x0800ca90   0x00000034   Code   RO         4239    i.raw_new           raw.o
    0x0800cac4   0x00000006   Code   RO         4240    i.raw_recv          raw.o
    0x0800caca   0x00000002   PAD
    0x0800cacc   0x00000040   Code   RO         4241    i.raw_remove        raw.o
    0x0800cb0c   0x00000006   Code   RO         2972    i.read_addr         usmart.o
    0x0800cb12   0x00000002   PAD
    0x0800cb14   0x0000009c   Code   RO         5046    i.recv_raw          api_msg.o
    0x0800cbb0   0x0000008c   Code   RO         5047    i.recv_tcp          api_msg.o
    0x0800cc3c   0x00000082   Code   RO         5048    i.recv_udp          api_msg.o
    0x0800ccbe   0x00000068   Code   RO         5049    i.sent_tcp          api_msg.o
    0x0800cd26   0x00000002   PAD
    0x0800cd28   0x00000044   Code   RO         5050    i.setup_tcp         api_msg.o
    0x0800cd6c   0x000001d4   Code   RO            7    i.show_address      main.o
    0x0800cf40   0x0000009c   Code   RO            8    i.start_task        main.o
    0x0800cfdc   0x00000062   Code   RO         5565    i.sys_arch_mbox_fetch  sys_arch.o
    0x0800d03e   0x00000024   Code   RO         5566    i.sys_arch_mbox_tryfetch  sys_arch.o
    0x0800d062   0x0000001a   Code   RO         5567    i.sys_arch_protect  sys_arch.o
    0x0800d07c   0x00000056   Code   RO         5568    i.sys_arch_sem_wait  sys_arch.o
    0x0800d0d2   0x0000000a   Code   RO         5570    i.sys_arch_unprotect  sys_arch.o
    0x0800d0dc   0x0000002c   Code   RO         5572    i.sys_init          sys_arch.o
    0x0800d108   0x00000012   Code   RO         5573    i.sys_mbox_free     sys_arch.o
    0x0800d11a   0x00000020   Code   RO         5574    i.sys_mbox_new      sys_arch.o
    0x0800d13a   0x00000018   Code   RO         5575    i.sys_mbox_post     sys_arch.o
    0x0800d152   0x00000006   Code   RO         5576    i.sys_mbox_set_invalid  sys_arch.o
    0x0800d158   0x00000020   Code   RO         5577    i.sys_mbox_trypost  sys_arch.o
    0x0800d178   0x0000000e   Code   RO         5578    i.sys_mbox_valid    sys_arch.o
    0x0800d186   0x0000000c   Code   RO         5579    i.sys_sem_free      sys_arch.o
    0x0800d192   0x0000003e   Code   RO         5580    i.sys_sem_new       sys_arch.o
    0x0800d1d0   0x00000006   Code   RO         5581    i.sys_sem_set_invalid  sys_arch.o
    0x0800d1d6   0x00000012   Code   RO         5582    i.sys_sem_signal    sys_arch.o
    0x0800d1e8   0x0000000e   Code   RO         5583    i.sys_sem_valid     sys_arch.o
    0x0800d1f6   0x00000002   PAD
    0x0800d1f8   0x00000060   Code   RO         5584    i.sys_thread_new    sys_arch.o
    0x0800d258   0x0000009c   Code   RO         4678    i.sys_timeout       timers.o
    0x0800d2f4   0x00000044   Code   RO         4679    i.sys_timeouts_init  timers.o
    0x0800d338   0x00000088   Code   RO         4680    i.sys_timeouts_mbox_fetch  timers.o
    0x0800d3c0   0x00000060   Code   RO         4681    i.sys_untimeout     timers.o
    0x0800d420   0x00000098   Code   RO         4298    i.tcp_abandon       tcp.o
    0x0800d4b8   0x0000000e   Code   RO         4299    i.tcp_abort         tcp.o
    0x0800d4c6   0x00000004   Code   RO         4300    i.tcp_accept        tcp.o
    0x0800d4ca   0x00000002   PAD
    0x0800d4cc   0x000000c4   Code   RO         4302    i.tcp_alloc         tcp.o
    0x0800d590   0x00000004   Code   RO         4303    i.tcp_arg           tcp.o
    0x0800d594   0x00000048   Code   RO         5812    i.tcp_client_init   tcp_client_demo.o
    0x0800d5dc   0x0000026c   Code   RO         5813    i.tcp_client_thread  tcp_client_demo.o
    0x0800d848   0x0000001c   Code   RO         4305    i.tcp_close         tcp.o
    0x0800d864   0x000001c8   Code   RO         4306    i.tcp_close_shutdown  tcp.o
    0x0800da2c   0x00000158   Code   RO         4307    i.tcp_connect       tcp.o
    0x0800db84   0x000000b8   Code   RO         4575    i.tcp_create_segment  tcp_out.o
    0x0800dc3c   0x0000002e   Code   RO         4309    i.tcp_eff_send_mss  tcp.o
    0x0800dc6a   0x00000126   Code   RO         4576    i.tcp_enqueue_flags  tcp_out.o
    0x0800dd90   0x0000000a   Code   RO         4310    i.tcp_err           tcp.o
    0x0800dd9a   0x00000002   PAD
    0x0800dd9c   0x00000080   Code   RO         4311    i.tcp_fasttmr       tcp.o
    0x0800de1c   0x00000002   Code   RO         4312    i.tcp_init          tcp.o
    0x0800de1e   0x00000002   PAD
    0x0800de20   0x00000498   Code   RO         4527    i.tcp_input         tcp_in.o
    0x0800e2b8   0x00000054   Code   RO         4577    i.tcp_keepalive     tcp_out.o
    0x0800e30c   0x00000058   Code   RO         4313    i.tcp_kill_prio     tcp.o
    0x0800e364   0x00000040   Code   RO         4314    i.tcp_kill_timewait  tcp.o
    0x0800e3a4   0x0000013c   Code   RO         4528    i.tcp_listen_input  tcp_in.o
    0x0800e4e0   0x0000000a   Code   RO         4316    i.tcp_new           tcp.o
    0x0800e4ea   0x00000002   PAD
    0x0800e4ec   0x00000068   Code   RO         4317    i.tcp_new_port      tcp.o
    0x0800e554   0x0000001c   Code   RO         4318    i.tcp_next_iss      tcp.o
    0x0800e570   0x000001c0   Code   RO         4578    i.tcp_output        tcp_out.o
    0x0800e730   0x00000078   Code   RO         4579    i.tcp_output_alloc_header  tcp_out.o
    0x0800e7a8   0x000000d8   Code   RO         4580    i.tcp_output_segment  tcp_out.o
    0x0800e880   0x000000d0   Code   RO         4529    i.tcp_parseopt      tcp_in.o
    0x0800e950   0x00000078   Code   RO         4581    i.tcp_pbuf_prealloc  tcp_out.o
    0x0800e9c8   0x00000058   Code   RO         4319    i.tcp_pcb_purge     tcp.o
    0x0800ea20   0x00000090   Code   RO         4320    i.tcp_pcb_remove    tcp.o
    0x0800eab0   0x0000000e   Code   RO         4321    i.tcp_poll          tcp.o
    0x0800eabe   0x00000002   PAD
    0x0800eac0   0x000005b8   Code   RO         4530    i.tcp_process       tcp_in.o
    0x0800f078   0x00000094   Code   RO         4322    i.tcp_process_refused_data  tcp.o
    0x0800f10c   0x00000678   Code   RO         4531    i.tcp_receive       tcp_in.o
    0x0800f784   0x00000008   Code   RO         4323    i.tcp_recv          tcp.o
    0x0800f78c   0x0000002e   Code   RO         4324    i.tcp_recv_null     tcp.o
    0x0800f7ba   0x0000004a   Code   RO         4325    i.tcp_recved        tcp.o
    0x0800f804   0x0000005a   Code   RO         4582    i.tcp_rexmit        tcp_out.o
    0x0800f85e   0x00000078   Code   RO         4583    i.tcp_rexmit_fast   tcp_out.o
    0x0800f8d6   0x0000003a   Code   RO         4584    i.tcp_rexmit_rto    tcp_out.o
    0x0800f910   0x00000084   Code   RO         4585    i.tcp_rst           tcp_out.o
    0x0800f994   0x0000001a   Code   RO         4326    i.tcp_seg_free      tcp.o
    0x0800f9ae   0x00000018   Code   RO         4327    i.tcp_segs_free     tcp.o
    0x0800f9c6   0x00000056   Code   RO         4586    i.tcp_send_empty_ack  tcp_out.o
    0x0800fa1c   0x0000004a   Code   RO         4587    i.tcp_send_fin      tcp_out.o
    0x0800fa66   0x00000008   Code   RO         4328    i.tcp_sent          tcp.o
    0x0800fa6e   0x00000062   Code   RO         4330    i.tcp_shutdown      tcp.o
    0x0800fad0   0x00000360   Code   RO         4331    i.tcp_slowtmr       tcp.o
    0x0800fe30   0x00000038   Code   RO         4682    i.tcp_timer_needed  timers.o
    0x0800fe68   0x000000ac   Code   RO         4532    i.tcp_timewait_input  tcp_in.o
    0x0800ff14   0x00000024   Code   RO         4332    i.tcp_tmr           tcp.o
    0x0800ff38   0x0000004e   Code   RO         4333    i.tcp_update_rcv_ann_wnd  tcp.o
    0x0800ff86   0x000003d0   Code   RO         4588    i.tcp_write         tcp_out.o
    0x08010356   0x00000080   Code   RO         4589    i.tcp_write_checks  tcp_out.o
    0x080103d6   0x000000b4   Code   RO         4590    i.tcp_zero_window_probe  tcp_out.o
    0x0801048a   0x00000002   PAD
    0x0801048c   0x00000040   Code   RO         5467    i.tcpip_apimsg      tcpip.o
    0x080104cc   0x00000054   Code   RO         5471    i.tcpip_init        tcpip.o
    0x08010520   0x0000004c   Code   RO         5472    i.tcpip_input       tcpip.o
    0x0801056c   0x00000038   Code   RO         4683    i.tcpip_tcp_timer   timers.o
    0x080105a4   0x000000e4   Code   RO         5473    i.tcpip_thread      tcpip.o
    0x08010688   0x000000b0   Code   RO          878    i.uart_init         usart.o
    0x08010738   0x00000098   Code   RO         4770    i.udp_bind          udp.o
    0x080107d0   0x00000068   Code   RO         4771    i.udp_connect       udp.o
    0x08010838   0x00000002   Code   RO         4773    i.udp_init          udp.o
    0x0801083a   0x00000002   PAD
    0x0801083c   0x000001e4   Code   RO         4774    i.udp_input         udp.o
    0x08010a20   0x0000001c   Code   RO         4775    i.udp_new           udp.o
    0x08010a3c   0x00000058   Code   RO         4776    i.udp_new_port      udp.o
    0x08010a94   0x00000006   Code   RO         4777    i.udp_recv          udp.o
    0x08010a9a   0x00000002   PAD
    0x08010a9c   0x00000040   Code   RO         4778    i.udp_remove        udp.o
    0x08010adc   0x000000f0   Code   RO         4781    i.udp_sendto_if     udp.o
    0x08010bcc   0x000000b0   Code   RO         2973    i.usmart_cmd_rec    usmart.o
    0x08010c7c   0x000002d4   Code   RO         2974    i.usmart_exe        usmart.o
    0x08010f50   0x000000c8   Code   RO         3075    i.usmart_get_aparm  usmart_str.o
    0x08011018   0x00000036   Code   RO         3076    i.usmart_get_cmdname  usmart_str.o
    0x0801104e   0x00000002   PAD
    0x08011050   0x000001c0   Code   RO         3077    i.usmart_get_fname  usmart_str.o
    0x08011210   0x0000010c   Code   RO         3078    i.usmart_get_fparam  usmart_str.o
    0x0801131c   0x00000020   Code   RO         3079    i.usmart_get_parmpos  usmart_str.o
    0x0801133c   0x00000044   Code   RO         2975    i.usmart_get_runtime  usmart.o
    0x08011380   0x00000028   Code   RO         2976    i.usmart_init       usmart.o
    0x080113a8   0x00000016   Code   RO         3080    i.usmart_pow        usmart_str.o
    0x080113be   0x00000002   PAD
    0x080113c0   0x00000030   Code   RO         2977    i.usmart_reset_runtime  usmart.o
    0x080113f0   0x000000bc   Code   RO         2978    i.usmart_scan       usmart.o
    0x080114ac   0x00000016   Code   RO         3081    i.usmart_search_nextc  usmart_str.o
    0x080114c2   0x000000ca   Code   RO         3082    i.usmart_str2num    usmart_str.o
    0x0801158c   0x00000022   Code   RO         3083    i.usmart_strcmp     usmart_str.o
    0x080115ae   0x00000016   Code   RO         3084    i.usmart_strcopy    usmart_str.o
    0x080115c4   0x00000018   Code   RO         3085    i.usmart_strlen     usmart_str.o
    0x080115dc   0x000006e4   Code   RO         2979    i.usmart_sys_cmd_exe  usmart.o
    0x08011cc0   0x00000028   Code   RO         5965    i.uxListRemove      list.o
    0x08011ce8   0x00000044   Code   RO         6020    i.uxQueueMessagesWaiting  queue.o
    0x08011d2c   0x0000001a   Code   RO         5966    i.vListInitialise   list.o
    0x08011d46   0x00000006   Code   RO         5967    i.vListInitialiseItem  list.o
    0x08011d4c   0x00000034   Code   RO         5968    i.vListInsert       list.o
    0x08011d80   0x00000018   Code   RO         5969    i.vListInsertEnd    list.o
    0x08011d98   0x00000088   Code   RO         6818    i.vPortEnterCritical  port.o
    0x08011e20   0x00000070   Code   RO         6819    i.vPortExitCritical  port.o
    0x08011e90   0x000000b8   Code   RO         6760    i.vPortFree         heap_4.o
    0x08011f48   0x00000020   Code   RO         6820    i.vPortSetupTimerInterrupt  port.o
    0x08011f68   0x000000a0   Code   RO         6821    i.vPortValidateInterruptPriority  port.o
    0x08012008   0x0000002c   Code   RO         6023    i.vQueueAddToRegistry  queue.o
    0x08012034   0x00000048   Code   RO         6024    i.vQueueDelete      queue.o
    0x0801207c   0x00000030   Code   RO         6026    i.vQueueUnregisterQueue  queue.o
    0x080120ac   0x0000004a   Code   RO         6027    i.vQueueWaitForMessageRestricted  queue.o
    0x080120f6   0x00000002   PAD
    0x080120f8   0x00000074   Code   RO         6271    i.vTaskDelay        tasks.o
    0x0801216c   0x0000010c   Code   RO         6273    i.vTaskDelete       tasks.o
    0x08012278   0x0000000c   Code   RO         6277    i.vTaskMissedYield  tasks.o
    0x08012284   0x00000054   Code   RO         6279    i.vTaskPlaceOnEventList  tasks.o
    0x080122d8   0x0000005c   Code   RO         6280    i.vTaskPlaceOnEventListRestricted  tasks.o
    0x08012334   0x000000b0   Code   RO         6282    i.vTaskPriorityInherit  tasks.o
    0x080123e4   0x0000004c   Code   RO         6286    i.vTaskSetTimeOutState  tasks.o
    0x08012430   0x000000ac   Code   RO         6287    i.vTaskStartScheduler  tasks.o
    0x080124dc   0x00000100   Code   RO         6288    i.vTaskSuspend      tasks.o
    0x080125dc   0x00000010   Code   RO         6289    i.vTaskSuspendAll   tasks.o
    0x080125ec   0x000000a8   Code   RO         6290    i.vTaskSwitchContext  tasks.o
    0x08012694   0x00000004   Code   RO         2980    i.write_addr        usmart.o
    0x08012698   0x0000015c   Code   RO         6822    i.xPortStartScheduler  port.o
    0x080127f4   0x00000034   Code   RO         6823    i.xPortSysTickHandler  port.o
    0x08012828   0x00000074   Code   RO         6032    i.xQueueGenericCreate  queue.o
    0x0801289c   0x000001c8   Code   RO         6033    i.xQueueGenericReceive  queue.o
    0x08012a64   0x000000b0   Code   RO         6034    i.xQueueGenericReset  queue.o
    0x08012b14   0x000001c4   Code   RO         6035    i.xQueueGenericSend  queue.o
    0x08012cd8   0x00000110   Code   RO         6036    i.xQueueGenericSendFromISR  queue.o
    0x08012de8   0x000000a0   Code   RO         6291    i.xTaskCheckForTimeOut  tasks.o
    0x08012e88   0x00000060   Code   RO         6292    i.xTaskCreate       tasks.o
    0x08012ee8   0x00000020   Code   RO         6296    i.xTaskGetSchedulerState  tasks.o
    0x08012f08   0x0000000c   Code   RO         6297    i.xTaskGetTickCount  tasks.o
    0x08012f14   0x00000160   Code   RO         6299    i.xTaskIncrementTick  tasks.o
    0x08013074   0x000000d8   Code   RO         6302    i.xTaskPriorityDisinherit  tasks.o
    0x0801314c   0x000000b4   Code   RO         6303    i.xTaskRemoveFromEventList  tasks.o
    0x08013200   0x00000120   Code   RO         6305    i.xTaskResumeAll    tasks.o
    0x08013320   0x00000074   Code   RO         6632    i.xTimerCreateTimerTask  timers_1.o
    0x08013394   0x000000a4   Code   RO         6633    i.xTimerGenericCommand  timers_1.o
    0x08013438   0x000017c0   Data   RO          449    .constdata          lcd.o
    0x08014bf8   0x00000024   Data   RO         2904    .constdata          malloc.o
    0x08014c1c   0x0000000c   Data   RO         3168    .constdata          etharp.o
    0x08014c28   0x00000008   Data   RO         3514    .constdata          ip_addr.o
    0x08014c30   0x00000038   Data   RO         3965    .constdata          memp.o
    0x08014c68   0x00000050   Data   RO         4334    .constdata          tcp.o
    0x08014cb8   0x00000028   Data   RO         2981    .conststring        usmart.o
    0x08014ce0   0x00000323   Data   RO         3054    .conststring        usmart_config.o
    0x08015003   0x00000001   PAD
    0x08015004   0x000000a0   Data   RO         3966    .conststring        memp.o
    0x080150a4   0x0000006d   Data   RO         4335    .conststring        tcp.o
    0x08015111   0x00000003   PAD
    0x08015114   0x0000003e   Data   RO         5815    .conststring        tcp_client_demo.o
    0x08015152   0x00000002   PAD
    0x08015154   0x00000020   Data   RO         7218    Region$$Table       anon$$obj.o


    Execution Region RW_IRAM1 (Base: 0x20000000, Size: 0x00016480, Max: 0x00020000, ABSOLUTE, COMPRESSED[0x00000120])

    Base Addr    Size         Type   Attr      Idx    E Section Name        Object

    0x20000000   0x00000010   Data   RW            9    .data               main.o
    0x20000010   0x00000014   Data   RW          356    .data               system_stm32f4xx.o
    0x20000024   0x00000001   Data   RW          392    .data               key.o
    0x20000025   0x00000001   PAD
    0x20000026   0x00000004   Data   RW          450    .data               lcd.o
    0x2000002a   0x00000002   PAD
    0x2000002c   0x00000010   Data   RW          709    .data               lan8720.o
    0x2000003c   0x00000004   Data   RW          804    .data               delay.o
    0x20000040   0x00000006   Data   RW          880    .data               usart.o
    0x20000046   0x00000010   Data   RW         1273    .data               stm32f4xx_rcc.o
    0x20000056   0x00000002   PAD
    0x20000058   0x00000010   Data   RW         2446    .data               stm32f4x7_eth.o
    0x20000068   0x00000024   Data   RW         2905    .data               malloc.o
    0x2000008c   0x0000001c   Data   RW         2982    .data               usmart.o
    0x200000a8   0x0000017c   Data   RW         3055    .data               usmart_config.o
    0x20000224   0x00000001   Data   RW         3169    .data               etharp.o
    0x20000225   0x00000003   PAD
    0x20000228   0x00000012   Data   RW         3456    .data               ip.o
    0x2000023a   0x00000002   PAD
    0x2000023c   0x00000006   Data   RW         3571    .data               ip_frag.o
    0x20000242   0x00000002   PAD
    0x20000244   0x00000004   Data   RW         3694    .data               dhcp.o
    0x20000248   0x00000014   Data   RW         3914    .data               mem.o
    0x2000025c   0x0000003c   Data   RW         3967    .data               memp.o
    0x20000298   0x00000009   Data   RW         4033    .data               netif.o
    0x200002a1   0x00000003   PAD
    0x200002a4   0x00000004   Data   RW         4244    .data               raw.o
    0x200002a8   0x00000024   Data   RW         4336    .data               tcp.o
    0x200002cc   0x00000020   Data   RW         4534    .data               tcp_in.o
    0x200002ec   0x00000008   Data   RW         4684    .data               timers.o
    0x200002f4   0x00000008   Data   RW         4782    .data               udp.o
    0x200002fc   0x0000000c   Data   RW         5477    .data               tcpip.o
    0x20000308   0x00000002   Data   RW         5586    .data               sys_arch.o
    0x2000030a   0x00000002   PAD
    0x2000030c   0x00000010   Data   RW         5732    .data               lwip_comm.o
    0x2000031c   0x0000001c   Data   RW         5816    .data               tcp_client_demo.o
    0x20000338   0x0000003c   Data   RW         6308    .data               tasks.o
    0x20000374   0x00000014   Data   RW         6641    .data               timers_1.o
    0x20000388   0x00000018   Data   RW         6765    .data               heap_4.o
    0x200003a0   0x0000000c   Data   RW         6824    .data               port.o
    0x200003ac   0x0000000e   Zero   RW          448    .bss                lcd.o
    0x200003ba   0x000000c8   Zero   RW          879    .bss                usart.o
    0x20000482   0x00000002   PAD
    0x20000484   0x0000000c   Zero   RW         2445    .bss                stm32f4x7_eth.o
    0x20000490   0x00000010   PAD
    0x200004a0   0x0000ff00   Zero   RW         2903    .bss                malloc.o
    0x200103a0   0x000000c8   Zero   RW         3167    .bss                etharp.o
    0x20010468   0x00000032   Zero   RW         3693    .bss                dhcp.o
    0x2001049a   0x00000002   PAD
    0x2001049c   0x00000038   Zero   RW         3964    .bss                memp.o
    0x200104d4   0x00000014   Zero   RW         4533    .bss                tcp_in.o
    0x200104e8   0x00000030   Zero   RW         5585    .bss                sys_arch.o
    0x20010518   0x0000004c   Zero   RW         5731    .bss                lwip_comm.o
    0x20010564   0x000007d0   Zero   RW         5814    .bss                tcp_client_demo.o
    0x20010d34   0x00000040   Zero   RW         6047    .bss                queue.o
    0x20010d74   0x000002e4   Zero   RW         6307    .bss                tasks.o
    0x20011058   0x00000028   Zero   RW         6640    .bss                timers_1.o
    0x20011080   0x00005000   Zero   RW         6764    .bss                heap_4.o
    0x20016080   0x00000400   Zero   RW          938    STACK               startup_stm32f40_41xxx.o



  Load Region LR$$.ARM.__AT_0x10000000 (Base: 0x10000000, Size: 0x00000000, Max: 0x0000f000, ABSOLUTE)

    Execution Region ER$$.ARM.__AT_0x10000000 (Base: 0x10000000, Size: 0x0000f000, Max: 0x0000f000, ABSOLUTE, UNINIT)

    Base Addr    Size         Type   Attr      Idx    E Section Name        Object

    0x10000000   0x0000f000   Zero   RW         2899    .ARM.__AT_0x10000000  malloc.o



  Load Region LR$$.ARM.__AT_0x1000F000 (Base: 0x1000f000, Size: 0x00000000, Max: 0x00000f00, ABSOLUTE)

    Execution Region ER$$.ARM.__AT_0x1000F000 (Base: 0x1000f000, Size: 0x00000f00, Max: 0x00000f00, ABSOLUTE, UNINIT)

    Base Addr    Size         Type   Attr      Idx    E Section Name        Object

    0x1000f000   0x00000f00   Zero   RW         2900    .ARM.__AT_0x1000F000  malloc.o



  Load Region LR$$.ARM.__AT_0x68000000 (Base: 0x68000000, Size: 0x00000000, Max: 0x000f0000, ABSOLUTE)

    Execution Region ER$$.ARM.__AT_0x68000000 (Base: 0x68000000, Size: 0x000f0000, Max: 0x000f0000, ABSOLUTE, UNINIT)

    Base Addr    Size         Type   Attr      Idx    E Section Name        Object

    0x68000000   0x000f0000   Zero   RW         2901    .ARM.__AT_0x68000000  malloc.o



  Load Region LR$$.ARM.__AT_0x680F0000 (Base: 0x680f0000, Size: 0x00000000, Max: 0x0000f000, ABSOLUTE)

    Execution Region ER$$.ARM.__AT_0x680F0000 (Base: 0x680f0000, Size: 0x0000f000, Max: 0x0000f000, ABSOLUTE, UNINIT)

    Base Addr    Size         Type   Attr      Idx    E Section Name        Object

    0x680f0000   0x0000f000   Zero   RW         2902    .ARM.__AT_0x680F0000  malloc.o


==============================================================================

Image component sizes


      Code (inc. data)   RO Data    RW Data    ZI Data      Debug   Object Name

      1070         32          0          0          0      17544   api_lib.o
      3114         48          0          0          0      16695   api_msg.o
        62          0          0          0          0       2292   def.o
       244         18          0          4          0       3633   delay.o
      4400        100          0          4         50      23356   dhcp.o
      2500         70         12          1        200      21534   etharp.o
       438         38          0          0          0       6536   ethernetif.o
       752        176          0         24      20480       4059   heap_4.o
       560          8          0          0          0       9105   icmp.o
         0          0          0          0          0       3848   inet.o
       200          0          0          0          0       2797   inet_chksum.o
        36          0          0          0          0       4680   init.o
       860         32          0         18          0      17306   ip.o
        78          0          8          0          0       7310   ip_addr.o
      1740         40          0          6          0      11460   ip_frag.o
       268         20          0          1          0       1278   key.o
       930         90          0         16          0       6553   lan8720.o
     18812        222       6080          4         14      31064   lcd.o
       112         10          0          0          0        575   led.o
       148          0          0          0          0       3306   list.o
      1372        540          0         16         76       7445   lwip_comm.o
      1328        432          0         16          0     352948   main.o
       504         60         36         36    1175040       6582   malloc.o
       948         88          0         20          0       5485   mem.o
       232         30        216         60         56       4238   memp.o
       180         24          0          0          0       2229   misc.o
        32          0          0          0          0       2068   netbuf.o
       458         24          0          9          0       8415   netif.o
      1422          0          0          0          0       9983   pbuf.o
      1182        396          0         12          0      11073   port.o
      2352        316          0          0         64      15101   queue.o
       254         24          0          4          0       4072   raw.o
         2          0          0          0          0        515   sockets.o
       716         22          0          0          0       1013   sram.o
        36          8        392          0       1024        868   startup_stm32f40_41xxx.o
      1904        148          0         16         12      16801   stm32f4x7_eth.o
       282          6          0          0          0       1933   stm32f4xx_fsmc.o
       236          0          0          0          0       3134   stm32f4xx_gpio.o
        20          0          0          0          0       2921   stm32f4xx_it.o
       392         48          0         16          0       6077   stm32f4xx_rcc.o
        12          6          0          0          0        614   stm32f4xx_syscfg.o
       252         28          0          0          0       6896   stm32f4xx_tim.o
       404          8          0          0          0       4442   stm32f4xx_usart.o
       634         20          0          2         48      21081   sys_arch.o
       340         32          0         20          0       1885   system_stm32f4xx.o
      3662        948          0         60        740      30554   tasks.o
      3334        166        189         36          0      31978   tcp.o
       692        196         62         28       2000       6116   tcp_client_demo.o
      4992        296          0         32         20      16995   tcp_in.o
      3310         10          0          0          0      15647   tcp_out.o
       452         60          0         12          0       8962   tcpip.o
       696         88          0          8          0       7327   timers.o
      1310        312          0         20         40       8907   timers_1.o
      1168         38          0          8          0      16616   udp.o
       340         30          0          6        200       3876   usart.o
      3166       1332         40         28          0       8138   usmart.o
         0          0        803        380          0       1672   usmart_config.o
      1328         20          0          0          0       8901   usmart_str.o

    ----------------------------------------------------------------------
     76344       6660       7876        940    1200084     858439   Object Totals
         0          0         32          0          0          0   (incl. Generated)
        76          0          6         17         20          0   (incl. Padding)

    ----------------------------------------------------------------------

      Code (inc. data)   RO Data    RW Data    ZI Data      Debug   Library Member Name

        86          0          0          0          0          0   __dczerorl2.o
         0          0          0          0          0          0   entry.o
         0          0          0          0          0          0   entry10a.o
         0          0          0          0          0          0   entry11a.o
         8          4          0          0          0          0   entry2.o
         4          0          0          0          0          0   entry5.o
         0          0          0          0          0          0   entry7b.o
         0          0          0          0          0          0   entry8b.o
         8          4          0          0          0          0   entry9a.o
        30          0          0          0          0          0   handlers.o
        36          8          0          0          0         68   init.o
         0          0          0          0          0          0   iusefp.o
        30          0          0          0          0         68   llshl.o
        32          0          0          0          0         68   llushr.o
        26          0          0          0          0         80   memcmp.o
        36          0          0          0          0         68   memcpya.o
        36          0          0          0          0        108   memseta.o
      1204         60          0          0          0        504   printf8.o
        28          0          0          0          0         76   strcmp.o
        14          0          0          0          0         68   strlen.o
        98          0          0          0          0         92   uldiv.o
       186          0          0          0          0        176   depilogue.o
        50          0          0          0          0         76   dfixui.o
        26          0          0          0          0         76   dfltui.o
       228          0          0          0          0         96   dmul.o

    ----------------------------------------------------------------------
      2168         76          0          0          0       1624   Library Totals
         2          0          0          0          0          0   (incl. Padding)

    ----------------------------------------------------------------------

      Code (inc. data)   RO Data    RW Data    ZI Data      Debug   Library Name

      1676         76          0          0          0       1200   mc_w.l
       490          0          0          0          0        424   mf_w.l

    ----------------------------------------------------------------------
      2168         76          0          0          0       1624   Library Totals

    ----------------------------------------------------------------------

==============================================================================


      Code (inc. data)   RO Data    RW Data    ZI Data      Debug   

     78512       6736       7876        940    1200084     814015   Grand Totals
     78512       6736       7876        288    1200084     814015   ELF Image Totals (compressed)
     78512       6736       7876        288          0          0   ROM Totals

==============================================================================

    Total RO  Size (Code + RO Data)                86388 (  84.36kB)
    Total RW  Size (RW Data + ZI Data)           1201024 (1172.88kB)
    Total ROM Size (Code + RO Data + RW Data)      86676 (  84.64kB)

==============================================================================

